Microchip MPLAB XC8 Compiler V3.00

Linker command line:

-W-3 \
  --edf=C:\Program Files\Microchip\xc8\v3.00\pic\dat\20241204225717_en.msgs \
  -cn -h+dist/default/debug\pic_core.X.debug.sym \
  --cmf=dist/default/debug\pic_core.X.debug.cmf -z -Q18F57Q43 \
  -oC:\Users\hugof\AppData\Local\Temp\xcAs1084.\driver_tmp_3.o \
  --defsym=__MPLAB_BUILD=1 --fixupoverflow=error \
  -Mdist/default/debug/pic_core.X.debug.map \
  --md=C:\Users\hugof\AppData\Local\Temp\xcAs1084.\driver_tmp_0.dat -E1 \
  -ver=XC8 Compiler -ACODE=00h-01FFFFh -ACONST=00h-01FFFFh \
  -ASMALLCONST=02600h-026FFhx218,012600h-0126FFhx218 \
  -AMEDIUMCONST=02600h-0FFFFh,012600h-01FFFFh -ACOMRAM=0501h-055Fh \
  -AABS1=0500h-024FFh -ABIGRAM=0501h-024FFh \
  -ARAM=0560h-05FFh,0600h-06FFhx31 -ABANK5=0560h-05FFh -ABANK6=0600h-06FFh \
  -ABANK7=0700h-07FFh -ABANK8=0800h-08FFh -ABANK9=0900h-09FFh \
  -ABANK10=0A00h-0AFFh -ABANK11=0B00h-0BFFh -ABANK12=0C00h-0CFFh \
  -ABANK13=0D00h-0DFFh -ABANK14=0E00h-0EFFh -ABANK15=0F00h-0FFFh \
  -ABANK16=01000h-010FFh -ABANK17=01100h-011FFh -ABANK18=01200h-012FFh \
  -ABANK19=01300h-013FFh -ABANK20=01400h-014FFh -ABANK21=01500h-015FFh \
  -ABANK22=01600h-016FFh -ABANK23=01700h-017FFh -ABANK24=01800h-018FFh \
  -ABANK25=01900h-019FFh -ABANK26=01A00h-01AFFh -ABANK27=01B00h-01BFFh \
  -ABANK28=01C00h-01CFFh -ABANK29=01D00h-01DFFh -ABANK30=01E00h-01EFFh \
  -ABANK31=01F00h-01FFFh -ABANK32=02000h-020FFh -ABANK33=02100h-021FFh \
  -ABANK34=02200h-022FFh -ABANK35=02300h-023FFh -ABANK36=02400h-024FFh \
  -ASFR=00h-0FFhx4,0400h-045Fh,0460h-04FFh,02500h-025FFh \
  -ABIGSFR=00h-04FFh,02500h-025FFh -ACONFIG=0300000h-0300011h \
  -AIDLOC=0200000h-020003Fh -AEEDATA=0380000h-03803FFh -peeprom_data=EEDATA \
  -preset_vec=00h -ppowerup=CODE,init -pramtop=02600h \
  -psmallconst=SMALLCONST -pmediumconst=MEDIUMCONST -pconst=CONST \
  -AFARRAM=00h-00h \
  -prdata=COMRAM,nvrram=COMRAM,nvbit=COMRAM,rbss=COMRAM,rbit=COMRAM \
  -pfarbss=FARRAM,fardata=FARRAM,nvFARRAM=FARRAM \
  -pintsave_regs=BIGRAM,bigbss=BIGRAM,bigdata=BIGRAM -pbss=RAM \
  -pidata=CODE,irdata=CODE,ibigdata=CODE,ifardata=CODE -prparam=COMRAM \
  C:\Users\hugof\AppData\Local\Temp\xcAs1084.\driver_tmp_14.o \
  dist/default/debug\pic_core.X.debug.o 

Object code version is 3.11

Machine type is 18F57Q43



                Name                               Link     Load   Length Selector   Space Scale
C:\Users\hugof\AppData\Local\Temp\xcAs1084.\driver_tmp_14.o
                idloc                            200000   200000       40        0       5
                config                           300000   300000        A        0       4
                init                              1FFFC    1FFFC        4     FFFE       0
                reset_vec                             0        0        4        0       0
dist/default/debug\pic_core.X.debug.o
                idloc                            200000   200000       40        0       5
                config                           300000   300000        A        0       4
                mediumconst                        FE64     FE64      19C     7F32       0
                text72                            129DE    129DE       2C     8000       0
                text71                            12830    12830       34     8000       0
                text70                            12928    12928       30     8000       0
                text69                            12B32    12B32       16     8000       0
                text68                            12A30    12A30       26     8000       0
                text67                            12B04    12B04       18     8000       0
                text66                            12896    12896       32     8000       0
                text65                            12678    12678       50     8000       0
                text64                            12AB8    12AB8       1C     8000       0
                text63                            10000    10000      4B6     8000       0
                text62                            10C6C    10C6C      390     8000       0
                text61                            11A50    11A50      104     8000       0
                text60                            104B6    104B6      426     8000       0
                text59                            11846    11846      106     8000       0
                text58                            11202    11202      1B4     8000       0
                text57                            113B6    113B6      1B0     8000       0
                text56                            12BFE    12BFE        4     8000       0
                text55                            12BEE    12BEE        A     8000       0
                text54                            12958    12958       2E     8000       0
                text53                            128F8    128F8       30     8000       0
                text52                            12264    12264       86     8000       0
                text51                            12BF8    12BF8        6     8000       0
                text50                            12B5C    12B5C       14     8000       0
                text49                            12BD4    12BD4        E     8000       0
                text48                            12BC6    12BC6        E     8000       0
                text47                            12BB8    12BB8        E     8000       0
                text46                            12750    12750       40     8000       0
                text45                            11FE6    11FE6       A4     8000       0
                text44                            12AEC    12AEC       18     8000       0
                text43                            12BAA    12BAA        E     8000       0
                text42                            12B9C    12B9C        E     8000       0
                text41                            12B8E    12B8E        E     8000       0
                text40                            124BC    124BC       68     8000       0
                text39                            12B1C    12B1C       16     8000       0
                text38                            128C8    128C8       30     8000       0
                text37                            123E6    123E6       6E     8000       0
                text36                            12BE2    12BE2        C     8000       0
                text35                            12A56    12A56       24     8000       0
                text34                            1236A    1236A       7C     8000       0
                text33                            11CEA    11CEA       CA     8000       0
                text32                            129B2    129B2       2C     8000       0
                text31                            12454    12454       68     8000       0
                text30                            12626    12626       52     8000       0
                text29                            12A9A    12A9A       1E     8000       0
                text28                            12AD4    12AD4       18     8000       0
                text27                            11E76    11E76       C2     8000       0
                text26                            11F38    11F38       AE     8000       0
                text25                            127FC    127FC       34     8000       0
                text24                            12C02    12C02        2     8000       0
                text23                            11C20    11C20       CA     8000       0
                text22                            1270C    1270C       44     8000       0
                text21                            1212C    1212C       9E     8000       0
                text20                            11566    11566      176     8000       0
                text19                            11B54    11B54       CC     8000       0
                text18                            116DC    116DC      16A     8000       0
                text17                            1194C    1194C      104     8000       0
                text16                            108DC    108DC      390     8000       0
                text15                            125D4    125D4       52     8000       0
                text14                            12A0A    12A0A       26     8000       0
                text13                            1208A    1208A       A2     8000       0
                text12                            12524    12524       5E     8000       0
                text11                            122EA    122EA       80     8000       0
                text10                            10FFC    10FFC      206     8000       0
                text9                             12582    12582       52     8000       0
                text8                             126C8    126C8       44     8000       0
                text7                             12864    12864       32     8000       0
                text6                             121CA    121CA       9A     8000       0
                text5                             12986    12986       2C     8000       0
                text4                             11DB4    11DB4       C2     8000       0
                text3                             12B48    12B48       14     8000       0
                text2                             12B80    12B80        E     8000       0
                text1                             12A7A    12A7A       20     8000       0
                text0                             12B70    12B70       10     8000       0
                cstackCOMRAM                        501      501       5D      501       1
                cstackBANK5                         5D4      5D4       11      560       1
                dataBANK5                           560      560       38      560       1
                bssBANK5                            598      598       2A      560       1
                bssCOMRAM                           55E      55E        1      501       1
                cinit                             127C8    127C8       34     8000       0
                nvBANK5                             5C2      5C2       12      560       1
                idataBANK5                        12790    12790       38     8000       0

TOTAL           Name                               Link     Load   Length     Space
        CLASS   CODE           
                init                              1FFFC    1FFFC        4         0
                reset_vec                             0        0        4         0
                text72                            129DE    129DE       2C         0
                text71                            12830    12830       34         0
                text70                            12928    12928       30         0
                text69                            12B32    12B32       16         0
                text68                            12A30    12A30       26         0
                text67                            12B04    12B04       18         0
                text66                            12896    12896       32         0
                text65                            12678    12678       50         0
                text64                            12AB8    12AB8       1C         0
                text63                            10000    10000      4B6         0
                text62                            10C6C    10C6C      390         0
                text61                            11A50    11A50      104         0
                text60                            104B6    104B6      426         0
                text59                            11846    11846      106         0
                text58                            11202    11202      1B4         0
                text57                            113B6    113B6      1B0         0
                text56                            12BFE    12BFE        4         0
                text55                            12BEE    12BEE        A         0
                text54                            12958    12958       2E         0
                text53                            128F8    128F8       30         0
                text52                            12264    12264       86         0
                text51                            12BF8    12BF8        6         0
                text50                            12B5C    12B5C       14         0
                text49                            12BD4    12BD4        E         0
                text48                            12BC6    12BC6        E         0
                text47                            12BB8    12BB8        E         0
                text46                            12750    12750       40         0
                text45                            11FE6    11FE6       A4         0
                text44                            12AEC    12AEC       18         0
                text43                            12BAA    12BAA        E         0
                text42                            12B9C    12B9C        E         0
                text41                            12B8E    12B8E        E         0
                text40                            124BC    124BC       68         0
                text39                            12B1C    12B1C       16         0
                text38                            128C8    128C8       30         0
                text37                            123E6    123E6       6E         0
                text36                            12BE2    12BE2        C         0
                text35                            12A56    12A56       24         0
                text34                            1236A    1236A       7C         0
                text33                            11CEA    11CEA       CA         0
                text32                            129B2    129B2       2C         0
                text31                            12454    12454       68         0
                text30                            12626    12626       52         0
                text29                            12A9A    12A9A       1E         0
                text28                            12AD4    12AD4       18         0
                text27                            11E76    11E76       C2         0
                text26                            11F38    11F38       AE         0
                text25                            127FC    127FC       34         0
                text24                            12C02    12C02        2         0
                text23                            11C20    11C20       CA         0
                text22                            1270C    1270C       44         0
                text21                            1212C    1212C       9E         0
                text20                            11566    11566      176         0
                text19                            11B54    11B54       CC         0
                text18                            116DC    116DC      16A         0
                text17                            1194C    1194C      104         0
                text16                            108DC    108DC      390         0
                text15                            125D4    125D4       52         0
                text14                            12A0A    12A0A       26         0
                text13                            1208A    1208A       A2         0
                text12                            12524    12524       5E         0
                text11                            122EA    122EA       80         0
                text10                            10FFC    10FFC      206         0
                text9                             12582    12582       52         0
                text8                             126C8    126C8       44         0
                text7                             12864    12864       32         0
                text6                             121CA    121CA       9A         0
                text5                             12986    12986       2C         0
                text4                             11DB4    11DB4       C2         0
                text3                             12B48    12B48       14         0
                text2                             12B80    12B80        E         0
                text1                             12A7A    12A7A       20         0
                text0                             12B70    12B70       10         0
                cinit                             127C8    127C8       34         0
                idataBANK5                        12790    12790       38         0

        CLASS   CONST          

        CLASS   SMALLCONST     

        CLASS   MEDIUMCONST    
                mediumconst                        FE64     FE64      19C         0

        CLASS   COMRAM         
                cstackCOMRAM                        501      501       5D         1
                bssCOMRAM                           55E      55E        1         1

        CLASS   ABS1           

        CLASS   BIGRAM         

        CLASS   RAM            

        CLASS   BANK5          
                cstackBANK5                         5D4      5D4       11         1
                dataBANK5                           560      560       38         1
                bssBANK5                            598      598       2A         1
                nvBANK5                             5C2      5C2       12         1

        CLASS   BANK6          

        CLASS   BANK7          

        CLASS   BANK8          

        CLASS   BANK9          

        CLASS   BANK10         

        CLASS   BANK11         

        CLASS   BANK12         

        CLASS   BANK13         

        CLASS   BANK14         

        CLASS   BANK15         

        CLASS   BANK16         

        CLASS   BANK17         

        CLASS   BANK18         

        CLASS   BANK19         

        CLASS   BANK20         

        CLASS   BANK21         

        CLASS   BANK22         

        CLASS   BANK23         

        CLASS   BANK24         

        CLASS   BANK25         

        CLASS   BANK26         

        CLASS   BANK27         

        CLASS   BANK28         

        CLASS   BANK29         

        CLASS   BANK30         

        CLASS   BANK31         

        CLASS   BANK32         

        CLASS   BANK33         

        CLASS   BANK34         

        CLASS   BANK35         

        CLASS   BANK36         

        CLASS   SFR            

        CLASS   BIGSFR         

        CLASS   CONFIG         
                config                           300000   300000        A         4

        CLASS   IDLOC          
                idloc                            200000   200000       40         5

        CLASS   EEDATA         

        CLASS   FARRAM         

        CLASS   HEAP           

        CLASS   STACK          



SEGMENTS        Name                           Load    Length   Top    Selector   Space  Class

                reset_vec                      000000  000004  000004         0       0  CODE    
                cstackCOMRAM                   000501  00005E  00055F       501       1  COMRAM  
                dataBANK5                      000560  000085  0005E5       560       1  BANK5   
                mediumconst                    00FE64  00019C  010000      7F32       0  MEDIUMCO
                text63                         010000  002C04  012C04      8000       0  CODE    
                init                           01FFFC  000004  020000      FFFE       0  CODE    


UNUSED ADDRESS RANGES

        Name                Unused          Largest block    Delta
        BANK10           000A00-000AFF              100
        BANK11           000B00-000BFF              100
        BANK12           000C00-000CFF              100
        BANK13           000D00-000DFF              100
        BANK14           000E00-000EFF              100
        BANK15           000F00-000FFF              100
        BANK16           001000-0010FF              100
        BANK17           001100-0011FF              100
        BANK18           001200-0012FF              100
        BANK19           001300-0013FF              100
        BANK20           001400-0014FF              100
        BANK21           001500-0015FF              100
        BANK22           001600-0016FF              100
        BANK23           001700-0017FF              100
        BANK24           001800-0018FF              100
        BANK25           001900-0019FF              100
        BANK26           001A00-001AFF              100
        BANK27           001B00-001BFF              100
        BANK28           001C00-001CFF              100
        BANK29           001D00-001DFF              100
        BANK30           001E00-001EFF              100
        BANK31           001F00-001FFF              100
        BANK32           002000-0020FF              100
        BANK33           002100-0021FF              100
        BANK34           002200-0022FF              100
        BANK35           002300-0023FF              100
        BANK36           002400-0024FF              100
        BANK5            0005E5-0005FF               1B
        BANK6            000600-0006FF              100
        BANK7            000700-0007FF              100
        BANK8            000800-0008FF              100
        BANK9            000900-0009FF              100
        BIGRAM           00055F-00055F                1
                         0005E5-0024FF             1F1B
        BIGSFR           000000-0004FF              500
                         002500-0025FF              100
        CODE             000004-00FE63             FE60
                         012C04-01FFFB             D3F8
        COMRAM           00055F-00055F                1
        CONFIG           30000A-300011                8
        CONST            000004-00FE63             FE60
                         012C04-01FFFB             D3F8
        EEDATA           380000-3803FF              400
        MEDIUMCONST      002600-00FE63             D864
                         012C04-01FFFB             D3F8
        RAM              0005E5-0024FF              100
        SFR              000000-0004FF              100
                         002500-0025FF              100
        SMALLCONST       002600-00FE63              100
                         012C04-01FFFB              100

                                  Symbol Table

?_Nrf24_setRADDR                                            cstackCOMRAM 00050B
?___awdiv                                                   cstackCOMRAM 000501
?___awmod                                                   cstackCOMRAM 000501
?___fladd                                                   cstackCOMRAM 000533
?___fldiv                                                   cstackCOMRAM 000501
?___flmul                                                   cstackCOMRAM 00051A
?___fltol                                                   cstackCOMRAM 000543
?___xxtofl                                                  cstackCOMRAM 000501
?_abs                                                       cstackCOMRAM 000507
?_lerp_duty                                                 cstackCOMRAM 00054D
?_printf                                                    cstackCOMRAM 00053E
?_read_prec_or_width                                        cstackCOMRAM 000501
?_vfprintf                                                  cstackCOMRAM 000536
DELAY_microseconds@microseconds                             cstackCOMRAM 000501
DELAY_milliseconds@milliseconds                             cstackCOMRAM 000501
INT0_SetInterruptHandler@InterruptHandler                   cstackCOMRAM 000501
INT1_SetInterruptHandler@InterruptHandler                   cstackCOMRAM 000501
INT2_SetInterruptHandler@InterruptHandler                   cstackCOMRAM 000501
Nrf24_SetSpeedDataRates@dev                                 cstackCOMRAM 00050B
Nrf24_SetSpeedDataRates@val                                 cstackCOMRAM 00050D
Nrf24_SetSpeedDataRates@value                               cstackCOMRAM 00050E
Nrf24_config@channel                                        cstackCOMRAM 000510
Nrf24_config@dev                                            cstackCOMRAM 00050E
Nrf24_config@payload                                        cstackCOMRAM 000511
Nrf24_configRegister@reg                                    cstackCOMRAM 000504
Nrf24_configRegister@value                                  cstackCOMRAM 000503
Nrf24_dataReady@dev                                         cstackCOMRAM 00050E
Nrf24_dataReady@status                                      cstackCOMRAM 000510
Nrf24_flushRx@dev                                           cstackCOMRAM 000503
Nrf24_getCRCLength@AA                                       cstackCOMRAM 00050E
Nrf24_getCRCLength@config                                   cstackCOMRAM 00050F
Nrf24_getCRCLength@dev                                      cstackCOMRAM 00050B
Nrf24_getCRCLength@result                                   cstackCOMRAM 00050D
Nrf24_getData@data                                          cstackCOMRAM 000509
Nrf24_getData@dev                                           cstackCOMRAM 000507
Nrf24_getDataRate@dev                                       cstackCOMRAM 00050B
Nrf24_getDataRate@dr                                        cstackCOMRAM 00050E
Nrf24_getDataRate@result                                    cstackCOMRAM 00050D
Nrf24_getPALevel@dev                                        cstackCOMRAM 00050B
Nrf24_getPALevel@level                                      cstackCOMRAM 00050D
Nrf24_getRetransmitDelay@dev                                cstackCOMRAM 00050B
Nrf24_getRetransmitDelay@value                              cstackCOMRAM 00050D
Nrf24_getStatus@dev                                         cstackCOMRAM 00050B
Nrf24_getStatus@rv                                          cstackCOMRAM 00050D
Nrf24_init@dev                                              cstackCOMRAM 000502
Nrf24_powerUpRx@dev                                         cstackCOMRAM 000505
Nrf24_printDetails@delay                                    cstackBANK5  0005D8
Nrf24_printDetails@dev                                      cstackCOMRAM 00055C
Nrf24_printDetails@retransmit                               cstackBANK5  0005DA
Nrf24_print_address_register@buffer                         cstackCOMRAM 000555
Nrf24_print_address_register@dev                            cstackCOMRAM 00054E
Nrf24_print_address_register@i                              cstackCOMRAM 00055A
Nrf24_print_address_register@name                           cstackCOMRAM 000550
Nrf24_print_address_register@qty                            cstackCOMRAM 000553
Nrf24_print_address_register@reg                            cstackCOMRAM 000552
Nrf24_print_byte_register@buffer                            cstackCOMRAM 000554
Nrf24_print_byte_register@dev                               cstackCOMRAM 00054E
Nrf24_print_byte_register@name                              cstackCOMRAM 000550
Nrf24_print_byte_register@qty                               cstackCOMRAM 000553
Nrf24_print_byte_register@reg                               cstackCOMRAM 000552
Nrf24_print_status@status                                   cstackCOMRAM 00054F
Nrf24_readRegister@len                                      cstackCOMRAM 000509
Nrf24_readRegister@reg                                      cstackCOMRAM 00050A
Nrf24_readRegister@value                                    cstackCOMRAM 000507
Nrf24_setRADDR@adr                                          cstackCOMRAM 00050D
Nrf24_setRADDR@buffer                                       cstackCOMRAM 000512
Nrf24_setRADDR@dev                                          cstackCOMRAM 00050B
Nrf24_setRADDR@i                                            cstackCOMRAM 000519
Nrf24_setRADDR@ret                                          cstackCOMRAM 000517
Nrf24_setRetransmitDelay@dev                                cstackCOMRAM 00050B
Nrf24_setRetransmitDelay@val                                cstackCOMRAM 00050D
Nrf24_setRetransmitDelay@value                              cstackCOMRAM 00050E
Nrf24_writeRegister@len                                     cstackCOMRAM 000509
Nrf24_writeRegister@reg                                     cstackCOMRAM 00050A
Nrf24_writeRegister@value                                   cstackCOMRAM 000507
SPI1_ByteExchange@byteData                                  cstackCOMRAM 000501
SPI1_ByteExchange@returnValue                               cstackCOMRAM 000502
SPI1_Open@spiConfigIndex                                    cstackCOMRAM 000501
SPI_read_buff@buffer                                        cstackCOMRAM 000503
SPI_read_buff@bytes                                         cstackCOMRAM 000505
SPI_read_buff@i                                             cstackCOMRAM 000506
SPI_write_buff@buffer                                       cstackCOMRAM 000503
SPI_write_buff@bytes                                        cstackCOMRAM 000505
SPI_write_buff@i                                            cstackCOMRAM 000506
_ACTCON                                                     (abs)        0000AC
_ANSELA                                                     (abs)        000400
_ANSELB                                                     (abs)        000408
_ANSELC                                                     (abs)        000410
_ANSELD                                                     (abs)        000418
_ANSELE                                                     (abs)        000420
_ANSELF                                                     (abs)        000428
_CLOCK_Initialize                                           text50       012B5C
_DELAY_microseconds                                         text9        012582
_DELAY_milliseconds                                         text38       0128C8
_INLVLA                                                     (abs)        000404
_INLVLB                                                     (abs)        00040C
_INLVLC                                                     (abs)        000414
_INLVLD                                                     (abs)        00041C
_INLVLE                                                     (abs)        000424
_INLVLF                                                     (abs)        00042C
_INT0_DefaultInterruptHandler                               (abs)        000000
_INT0_InterruptHandler                                      nvBANK5      0005C8
_INT0_SetInterruptHandler                                   text49       012BD4
_INT1_DefaultInterruptHandler                               (abs)        000000
_INT1_InterruptHandler                                      nvBANK5      0005C5
_INT1_SetInterruptHandler                                   text48       012BC6
_INT2_DefaultInterruptHandler                               (abs)        000000
_INT2_InterruptHandler                                      nvBANK5      0005C2
_INT2_SetInterruptHandler                                   text47       012BB8
_INTCON0bits                                                (abs)        0004D6
_INTERRUPT_Initialize                                       text46       012750
_IOCAF                                                      (abs)        000407
_IOCAN                                                      (abs)        000406
_IOCAP                                                      (abs)        000405
_IOCBF                                                      (abs)        00040F
_IOCBN                                                      (abs)        00040E
_IOCBP                                                      (abs)        00040D
_IOCCF                                                      (abs)        000417
_IOCCN                                                      (abs)        000416
_IOCCP                                                      (abs)        000415
_IOCEF                                                      (abs)        000427
_IOCEN                                                      (abs)        000426
_IOCEP                                                      (abs)        000425
_LATA                                                       (abs)        0004BE
_LATB                                                       (abs)        0004BF
_LATC                                                       (abs)        0004C0
_LATCbits                                                   (abs)        0004C0
_LATD                                                       (abs)        0004C1
_LATDbits                                                   (abs)        0004C1
_LATE                                                       (abs)        0004C2
_LATF                                                       (abs)        0004C3
_Nrf24_SetSpeedDataRates                                    text37       0123E6
_Nrf24_config                                               text34       01236A
_Nrf24_configRegister                                       text67       012B04
_Nrf24_dataReady                                            text68       012A30
_Nrf24_flushRx                                              text36       012BE2
_Nrf24_getCRCLength                                         text31       012454
_Nrf24_getData                                              text66       012896
_Nrf24_getDataRate                                          text30       012626
_Nrf24_getPALevel                                           text29       012A9A
_Nrf24_getRetransmitDelay                                   text28       012AD4
_Nrf24_getStatus                                            text69       012B32
_Nrf24_init                                                 text32       0129B2
_Nrf24_powerUpRx                                            text35       012A56
_Nrf24_printDetails                                         text10       010FFC
_Nrf24_print_address_register                               text13       01208A
_Nrf24_print_byte_register                                  text12       012524
_Nrf24_print_status                                         text11       0122EA
_Nrf24_readRegister                                         text70       012928
_Nrf24_setRADDR                                             text6        0121CA
_Nrf24_setRetransmitDelay                                   text5        012986
_Nrf24_writeRegister                                        text7        012864
_ODCONA                                                     (abs)        000402
_ODCONB                                                     (abs)        00040A
_ODCONC                                                     (abs)        000412
_ODCOND                                                     (abs)        00041A
_ODCONE                                                     (abs)        000422
_ODCONF                                                     (abs)        00042A
_OSCCON1                                                    (abs)        0000AD
_OSCCON3                                                    (abs)        0000AF
_OSCEN                                                      (abs)        0000B3
_OSCFRQ                                                     (abs)        0000B1
_OSCTUNE                                                    (abs)        0000B0
_PCON0                                                      (abs)        0004F0
_PIE3bits                                                   (abs)        0004A1
_PIE4bits                                                   (abs)        0004A2
_PIN_MANAGER_Initialize                                     text45       011FE6
_PIR10bits                                                  (abs)        0004B8
_PIR1bits                                                   (abs)        0004AF
_PIR3bits                                                   (abs)        0004B1
_PIR4bits                                                   (abs)        0004B2
_PIR6bits                                                   (abs)        0004B4
_PWM1CLK                                                    (abs)        000461
_PWM1CON                                                    (abs)        000469
_PWM1CONbits                                                (abs)        000469
_PWM1CPRE                                                   (abs)        000465
_PWM1ERS                                                    (abs)        000460
_PWM1GIE                                                    (abs)        000468
_PWM1GIEbits                                                (abs)        000468
_PWM1GIR                                                    (abs)        000467
_PWM1GIRbits                                                (abs)        000467
_PWM1LDS                                                    (abs)        000462
_PWM1PIPOS                                                  (abs)        000466
_PWM1PRH                                                    (abs)        000464
_PWM1PRL                                                    (abs)        000463
_PWM1S1CFG                                                  (abs)        00046A
_PWM1S1P1H                                                  (abs)        00046C
_PWM1S1P1L                                                  (abs)        00046B
_PWM1S1P2H                                                  (abs)        00046E
_PWM1S1P2L                                                  (abs)        00046D
_RB1I2C                                                     (abs)        000289
_RB1PPS                                                     (abs)        00020A
_RB2I2C                                                     (abs)        000288
_RC3I2C                                                     (abs)        000287
_RC4I2C                                                     (abs)        000286
_RC6PPS                                                     (abs)        000217
_RF0PPS                                                     (abs)        000229
_SLRCONA                                                    (abs)        000403
_SLRCONB                                                    (abs)        00040B
_SLRCONC                                                    (abs)        000413
_SLRCOND                                                    (abs)        00041B
_SLRCONE                                                    (abs)        000423
_SLRCONF                                                    (abs)        00042B
_SPI1BAUD                                                   (abs)        000089
_SPI1CLK                                                    (abs)        00008C
_SPI1CON0                                                   (abs)        000084
_SPI1CON0bits                                               (abs)        000084
_SPI1CON1                                                   (abs)        000085
_SPI1CON2                                                   (abs)        000086
_SPI1INTFbits                                               (abs)        00008A
_SPI1RXB                                                    (abs)        000080
_SPI1SCKPPS                                                 (abs)        00026A
_SPI1SDIPPS                                                 (abs)        00026B
_SPI1STATUSbits                                             (abs)        000087
_SPI1TCNTH                                                  (abs)        000083
_SPI1TCNTL                                                  (abs)        000082
_SPI1TXB                                                    (abs)        000081
_SPI1_BufferExchange                                        (abs)        000000
_SPI1_BufferRead                                            (abs)        000000
_SPI1_BufferWrite                                           (abs)        000000
_SPI1_ByteExchange                                          text72       0129DE
_SPI1_ByteRead                                              (abs)        000000
_SPI1_ByteWrite                                             (abs)        000000
_SPI1_Close                                                 (abs)        000000
_SPI1_Deinitialize                                          (abs)        000000
_SPI1_Initialize                                            text44       012AEC
_SPI1_IsRxReady                                             (abs)        000000
_SPI1_IsTxReady                                             (abs)        000000
_SPI1_Open                                                  text33       011CEA
_SPI1_nrf24                                                 mediumconst  00FE65
_SPI_read_buff                                              text71       012830
_SPI_write_buff                                             text8        0126C8
_SYSTEM_Initialize                                          text39       012B1C
_TRISA                                                      (abs)        0004C6
_TRISB                                                      (abs)        0004C7
_TRISBbits                                                  (abs)        0004C7
_TRISC                                                      (abs)        0004C8
_TRISCbits                                                  (abs)        0004C8
_TRISD                                                      (abs)        0004C9
_TRISE                                                      (abs)        0004CA
_TRISF                                                      (abs)        0004CB
_WDTCON0                                                    (abs)        000078
_WDTCON1                                                    (abs)        000079
_WPUA                                                       (abs)        000401
_WPUB                                                       (abs)        000409
_WPUC                                                       (abs)        000411
_WPUD                                                       (abs)        000419
_WPUE                                                       (abs)        000421
_WPUF                                                       (abs)        000429
__HRAM                                                      (abs)        000000
__H__absolute__                                             __absolute__ 000000
__Habs1                                                     abs1         000000
__Hbank10                                                   bank10       000000
__Hbank11                                                   bank11       000000
__Hbank12                                                   bank12       000000
__Hbank13                                                   bank13       000000
__Hbank14                                                   bank14       000000
__Hbank15                                                   bank15       000000
__Hbank16                                                   bank16       000000
__Hbank17                                                   bank17       000000
__Hbank18                                                   bank18       000000
__Hbank19                                                   bank19       000000
__Hbank20                                                   bank20       000000
__Hbank21                                                   bank21       000000
__Hbank22                                                   bank22       000000
__Hbank23                                                   bank23       000000
__Hbank24                                                   bank24       000000
__Hbank25                                                   bank25       000000
__Hbank26                                                   bank26       000000
__Hbank27                                                   bank27       000000
__Hbank28                                                   bank28       000000
__Hbank29                                                   bank29       000000
__Hbank30                                                   bank30       000000
__Hbank31                                                   bank31       000000
__Hbank32                                                   bank32       000000
__Hbank33                                                   bank33       000000
__Hbank34                                                   bank34       000000
__Hbank35                                                   bank35       000000
__Hbank36                                                   bank36       000000
__Hbank5                                                    bank5        000000
__Hbank6                                                    bank6        000000
__Hbank7                                                    bank7        000000
__Hbank8                                                    bank8        000000
__Hbank9                                                    bank9        000000
__Hbigbss                                                   bigbss       000000
__Hbigdata                                                  bigdata      000000
__Hbigram                                                   bigram       000000
__Hbigsfr                                                   bigsfr       000000
__Hbss                                                      bss          000000
__HbssBANK5                                                 bssBANK5     000000
__HbssCOMRAM                                                bssCOMRAM    000000
__Hcinit                                                    cinit        000000
__Hclrtext                                                  clrtext      000000
__Hcomram                                                   comram       000000
__Hconfig                                                   config       30000A
__Hconst                                                    const        000000
__HcstackBANK5                                              cstackBANK5  000000
__HcstackCOMRAM                                             cstackCOMRAM 000000
__Hdata                                                     data         000000
__HdataBANK5                                                dataBANK5    000000
__Heeprom_data                                              eeprom_data  000000
__Hfarbss                                                   farbss       000000
__Hfardata                                                  fardata      000000
__Hheap                                                     heap         000000
__Hibigdata                                                 ibigdata     000000
__Hidata                                                    idata        000000
__HidataBANK5                                               idataBANK5   000000
__Hidloc                                                    idloc        200040
__Hifardata                                                 ifardata     000000
__Hinit                                                     init         020000
__Hintsave_regs                                             intsave_regs 000000
__Hirdata                                                   irdata       000000
__Hmediumconst                                              mediumconst  010000
__HnvBANK5                                                  nvBANK5      000000
__HnvFARRAM                                                 nvFARRAM     000000
__Hnvbit                                                    nvbit        000000
__Hnvrram                                                   nvrram       000000
__Hparam                                                    rparam       000000
__Hpowerup                                                  powerup      000000
__Hram                                                      ram          000000
__Hramtop                                                   ramtop       002600
__Hrbit                                                     rbit         000000
__Hrbss                                                     rbss         000000
__Hrdata                                                    rdata        000000
__Hreset_vec                                                reset_vec    000004
__Hrparam                                                   rparam       000000
__Hsfr                                                      sfr          000000
__Hsmallconst                                               smallconst   000000
__Hspace_0                                                  (abs)        020000
__Hspace_1                                                  (abs)        0005E5
__Hspace_2                                                  (abs)        000000
__Hspace_4                                                  (abs)        60000A
__Hstack                                                    stack        000000
__Hstruct                                                   struct       000000
__Htemp                                                     temp         000000
__Htext                                                     text         000000
__Htext0                                                    text0        000000
__Htext1                                                    text1        000000
__Htext10                                                   text10       000000
__Htext11                                                   text11       000000
__Htext12                                                   text12       000000
__Htext13                                                   text13       000000
__Htext14                                                   text14       000000
__Htext15                                                   text15       000000
__Htext16                                                   text16       000000
__Htext17                                                   text17       000000
__Htext18                                                   text18       000000
__Htext19                                                   text19       000000
__Htext2                                                    text2        000000
__Htext20                                                   text20       000000
__Htext21                                                   text21       000000
__Htext22                                                   text22       000000
__Htext23                                                   text23       000000
__Htext24                                                   text24       000000
__Htext25                                                   text25       000000
__Htext26                                                   text26       000000
__Htext27                                                   text27       000000
__Htext28                                                   text28       000000
__Htext29                                                   text29       000000
__Htext3                                                    text3        000000
__Htext30                                                   text30       000000
__Htext31                                                   text31       000000
__Htext32                                                   text32       000000
__Htext33                                                   text33       000000
__Htext34                                                   text34       000000
__Htext35                                                   text35       000000
__Htext36                                                   text36       000000
__Htext37                                                   text37       000000
__Htext38                                                   text38       000000
__Htext39                                                   text39       000000
__Htext4                                                    text4        000000
__Htext40                                                   text40       000000
__Htext41                                                   text41       000000
__Htext42                                                   text42       000000
__Htext43                                                   text43       000000
__Htext44                                                   text44       000000
__Htext45                                                   text45       000000
__Htext46                                                   text46       000000
__Htext47                                                   text47       000000
__Htext48                                                   text48       000000
__Htext49                                                   text49       000000
__Htext5                                                    text5        000000
__Htext50                                                   text50       000000
__Htext51                                                   text51       000000
__Htext52                                                   text52       000000
__Htext53                                                   text53       000000
__Htext54                                                   text54       000000
__Htext55                                                   text55       000000
__Htext56                                                   text56       000000
__Htext57                                                   text57       000000
__Htext58                                                   text58       000000
__Htext59                                                   text59       000000
__Htext6                                                    text6        000000
__Htext60                                                   text60       000000
__Htext61                                                   text61       000000
__Htext62                                                   text62       000000
__Htext63                                                   text63       000000
__Htext64                                                   text64       000000
__Htext65                                                   text65       000000
__Htext66                                                   text66       000000
__Htext67                                                   text67       000000
__Htext68                                                   text68       000000
__Htext69                                                   text69       000000
__Htext7                                                    text7        000000
__Htext70                                                   text70       000000
__Htext71                                                   text71       000000
__Htext72                                                   text72       000000
__Htext8                                                    text8        000000
__Htext9                                                    text9        000000
__LRAM                                                      (abs)        000001
__L__absolute__                                             __absolute__ 000000
__Labs1                                                     abs1         000000
__Lbank10                                                   bank10       000000
__Lbank11                                                   bank11       000000
__Lbank12                                                   bank12       000000
__Lbank13                                                   bank13       000000
__Lbank14                                                   bank14       000000
__Lbank15                                                   bank15       000000
__Lbank16                                                   bank16       000000
__Lbank17                                                   bank17       000000
__Lbank18                                                   bank18       000000
__Lbank19                                                   bank19       000000
__Lbank20                                                   bank20       000000
__Lbank21                                                   bank21       000000
__Lbank22                                                   bank22       000000
__Lbank23                                                   bank23       000000
__Lbank24                                                   bank24       000000
__Lbank25                                                   bank25       000000
__Lbank26                                                   bank26       000000
__Lbank27                                                   bank27       000000
__Lbank28                                                   bank28       000000
__Lbank29                                                   bank29       000000
__Lbank30                                                   bank30       000000
__Lbank31                                                   bank31       000000
__Lbank32                                                   bank32       000000
__Lbank33                                                   bank33       000000
__Lbank34                                                   bank34       000000
__Lbank35                                                   bank35       000000
__Lbank36                                                   bank36       000000
__Lbank5                                                    bank5        000000
__Lbank6                                                    bank6        000000
__Lbank7                                                    bank7        000000
__Lbank8                                                    bank8        000000
__Lbank9                                                    bank9        000000
__Lbigbss                                                   bigbss       000000
__Lbigdata                                                  bigdata      000000
__Lbigram                                                   bigram       000000
__Lbigsfr                                                   bigsfr       000000
__Lbss                                                      bss          000000
__LbssBANK5                                                 bssBANK5     000000
__LbssCOMRAM                                                bssCOMRAM    000000
__Lcinit                                                    cinit        000000
__Lclrtext                                                  clrtext      000000
__Lcomram                                                   comram       000000
__Lconfig                                                   config       000000
__Lconst                                                    const        000000
__LcstackBANK5                                              cstackBANK5  000000
__LcstackCOMRAM                                             cstackCOMRAM 000000
__Ldata                                                     data         000000
__LdataBANK5                                                dataBANK5    000000
__Leeprom_data                                              eeprom_data  000000
__Lfarbss                                                   farbss       000000
__Lfardata                                                  fardata      000000
__Lheap                                                     heap         000000
__Libigdata                                                 ibigdata     000000
__Lidata                                                    idata        000000
__LidataBANK5                                               idataBANK5   000000
__Lidloc                                                    idloc        000000
__Lifardata                                                 ifardata     000000
__Linit                                                     init         01FFFC
__Lintsave_regs                                             intsave_regs 000000
__Lirdata                                                   irdata       000000
__Lmediumconst                                              mediumconst  00FE64
__LnvBANK5                                                  nvBANK5      000000
__LnvFARRAM                                                 nvFARRAM     000000
__Lnvbit                                                    nvbit        000000
__Lnvrram                                                   nvrram       000000
__Lparam                                                    rparam       000000
__Lpowerup                                                  powerup      000000
__Lram                                                      ram          000000
__Lramtop                                                   ramtop       002600
__Lrbit                                                     rbit         000000
__Lrbss                                                     rbss         000000
__Lrdata                                                    rdata        000000
__Lreset_vec                                                reset_vec    000000
__Lrparam                                                   rparam       000000
__Lsfr                                                      sfr          000000
__Lsmallconst                                               smallconst   000000
__Lspace_0                                                  (abs)        000000
__Lspace_1                                                  (abs)        000000
__Lspace_2                                                  (abs)        000000
__Lspace_4                                                  (abs)        000000
__Lstack                                                    stack        000000
__Lstruct                                                   struct       000000
__Ltemp                                                     temp         000000
__Ltext                                                     text         000000
__Ltext0                                                    text0        000000
__Ltext1                                                    text1        000000
__Ltext10                                                   text10       000000
__Ltext11                                                   text11       000000
__Ltext12                                                   text12       000000
__Ltext13                                                   text13       000000
__Ltext14                                                   text14       000000
__Ltext15                                                   text15       000000
__Ltext16                                                   text16       000000
__Ltext17                                                   text17       000000
__Ltext18                                                   text18       000000
__Ltext19                                                   text19       000000
__Ltext2                                                    text2        000000
__Ltext20                                                   text20       000000
__Ltext21                                                   text21       000000
__Ltext22                                                   text22       000000
__Ltext23                                                   text23       000000
__Ltext24                                                   text24       000000
__Ltext25                                                   text25       000000
__Ltext26                                                   text26       000000
__Ltext27                                                   text27       000000
__Ltext28                                                   text28       000000
__Ltext29                                                   text29       000000
__Ltext3                                                    text3        000000
__Ltext30                                                   text30       000000
__Ltext31                                                   text31       000000
__Ltext32                                                   text32       000000
__Ltext33                                                   text33       000000
__Ltext34                                                   text34       000000
__Ltext35                                                   text35       000000
__Ltext36                                                   text36       000000
__Ltext37                                                   text37       000000
__Ltext38                                                   text38       000000
__Ltext39                                                   text39       000000
__Ltext4                                                    text4        000000
__Ltext40                                                   text40       000000
__Ltext41                                                   text41       000000
__Ltext42                                                   text42       000000
__Ltext43                                                   text43       000000
__Ltext44                                                   text44       000000
__Ltext45                                                   text45       000000
__Ltext46                                                   text46       000000
__Ltext47                                                   text47       000000
__Ltext48                                                   text48       000000
__Ltext49                                                   text49       000000
__Ltext5                                                    text5        000000
__Ltext50                                                   text50       000000
__Ltext51                                                   text51       000000
__Ltext52                                                   text52       000000
__Ltext53                                                   text53       000000
__Ltext54                                                   text54       000000
__Ltext55                                                   text55       000000
__Ltext56                                                   text56       000000
__Ltext57                                                   text57       000000
__Ltext58                                                   text58       000000
__Ltext59                                                   text59       000000
__Ltext6                                                    text6        000000
__Ltext60                                                   text60       000000
__Ltext61                                                   text61       000000
__Ltext62                                                   text62       000000
__Ltext63                                                   text63       000000
__Ltext64                                                   text64       000000
__Ltext65                                                   text65       000000
__Ltext66                                                   text66       000000
__Ltext67                                                   text67       000000
__Ltext68                                                   text68       000000
__Ltext69                                                   text69       000000
__Ltext7                                                    text7        000000
__Ltext70                                                   text70       000000
__Ltext71                                                   text71       000000
__Ltext72                                                   text72       000000
__Ltext8                                                    text8        000000
__Ltext9                                                    text9        000000
__S0                                                        (abs)        020000
__S1                                                        (abs)        0005E5
__S4                                                        (abs)        000000
__S5                                                        (abs)        000000
___awdiv                                                    text27       011E76
___awdiv@counter                                            cstackCOMRAM 000505
___awdiv@dividend                                           cstackCOMRAM 000501
___awdiv@divisor                                            cstackCOMRAM 000503
___awdiv@quotient                                           cstackCOMRAM 000507
___awdiv@sign                                               cstackCOMRAM 000506
___awmod                                                    text26       011F38
___awmod@counter                                            cstackCOMRAM 000505
___awmod@dividend                                           cstackCOMRAM 000501
___awmod@divisor                                            cstackCOMRAM 000503
___awmod@sign                                               cstackCOMRAM 000506
___fladd                                                    text63       010000
___fladd@a                                                  cstackCOMRAM 000537
___fladd@aexp                                               cstackCOMRAM 000540
___fladd@b                                                  cstackCOMRAM 000533
___fladd@bexp                                               cstackCOMRAM 000541
___fladd@grs                                                cstackCOMRAM 000542
___fladd@signs                                              cstackCOMRAM 00053F
___fldiv                                                    text62       010C6C
___fldiv@a                                                  cstackCOMRAM 000505
___fldiv@aexp                                               cstackCOMRAM 000519
___fldiv@b                                                  cstackCOMRAM 000501
___fldiv@bexp                                               cstackCOMRAM 000518
___fldiv@grs                                                cstackCOMRAM 000514
___fldiv@new_exp                                            cstackCOMRAM 000512
___fldiv@rem                                                cstackCOMRAM 00050D
___fldiv@sign                                               cstackCOMRAM 000511
___flge                                                     text61       011A50
___flge@ff1                                                 cstackCOMRAM 00050F
___flge@ff2                                                 cstackCOMRAM 000513
___flmul                                                    text60       0104B6
___flmul@a                                                  cstackCOMRAM 00051E
___flmul@aexp                                               cstackCOMRAM 00052B
___flmul@b                                                  cstackCOMRAM 00051A
___flmul@bexp                                               cstackCOMRAM 00052C
___flmul@grs                                                cstackCOMRAM 000527
___flmul@prod                                               cstackCOMRAM 00052D
___flmul@sign                                               cstackCOMRAM 000526
___flmul@temp                                               cstackCOMRAM 000531
___fltol                                                    text59       011846
___fltol@exp1                                               cstackCOMRAM 00054C
___fltol@f1                                                 cstackCOMRAM 000543
___fltol@sign1                                              cstackCOMRAM 00054B
___heap_hi                                                  (abs)        000000
___heap_lo                                                  (abs)        000000
___inthi_sp                                                 stack        000000
___inthi_stack_hi                                           stack        000000
___inthi_stack_lo                                           stack        000000
___intlo_sp                                                 stack        000000
___intlo_stack_hi                                           stack        000000
___intlo_stack_lo                                           stack        000000
___param_bank                                               (abs)        000000
___rparam_used                                              (abs)        000001
___sp                                                       stack        000000
___stack_hi                                                 stack        000000
___stack_lo                                                 stack        000000
___xxtofl                                                   text58       011202
___xxtofl@arg                                               cstackCOMRAM 00050B
___xxtofl@exp                                               cstackCOMRAM 00050A
___xxtofl@sign                                              cstackCOMRAM 000509
___xxtofl@val                                               cstackCOMRAM 000501
__accesstop                                                 (abs)        000560
__activetblptr                                              (abs)        000003
__end_of_CLOCK_Initialize                                   text50       012B70
__end_of_DELAY_microseconds                                 text9        0125D4
__end_of_DELAY_milliseconds                                 text38       0128F8
__end_of_INT0_SetInterruptHandler                           text49       012BE2
__end_of_INT1_SetInterruptHandler                           text48       012BD4
__end_of_INT2_SetInterruptHandler                           text47       012BC6
__end_of_INTERRUPT_Initialize                               text46       012790
__end_of_Nrf24_SetSpeedDataRates                            text37       012454
__end_of_Nrf24_config                                       text34       0123E6
__end_of_Nrf24_configRegister                               text67       012B1C
__end_of_Nrf24_dataReady                                    text68       012A56
__end_of_Nrf24_flushRx                                      text36       012BEE
__end_of_Nrf24_getCRCLength                                 text31       0124BC
__end_of_Nrf24_getData                                      text66       0128C8
__end_of_Nrf24_getDataRate                                  text30       012678
__end_of_Nrf24_getPALevel                                   text29       012AB8
__end_of_Nrf24_getRetransmitDelay                           text28       012AEC
__end_of_Nrf24_getStatus                                    text69       012B48
__end_of_Nrf24_init                                         text32       0129DE
__end_of_Nrf24_powerUpRx                                    text35       012A7A
__end_of_Nrf24_printDetails                                 text10       011202
__end_of_Nrf24_print_address_register                       text13       01212C
__end_of_Nrf24_print_byte_register                          text12       012582
__end_of_Nrf24_print_status                                 text11       01236A
__end_of_Nrf24_readRegister                                 text70       012958
__end_of_Nrf24_setRADDR                                     text6        012264
__end_of_Nrf24_setRetransmitDelay                           text5        0129B2
__end_of_Nrf24_writeRegister                                text7        012896
__end_of_PIN_MANAGER_Initialize                             text45       01208A
__end_of_SPI1_ByteExchange                                  text72       012A0A
__end_of_SPI1_Initialize                                    text44       012B04
__end_of_SPI1_Open                                          text33       011DB4
__end_of_SPI1_nrf24                                         mediumconst  00FE8F
__end_of_SPI_read_buff                                      text71       012864
__end_of_SPI_write_buff                                     text8        01270C
__end_of_SYSTEM_Initialize                                  text39       012B32
__end_of___awdiv                                            text27       011F38
__end_of___awmod                                            text26       011FE6
__end_of___fladd                                            text63       0104B6
__end_of___fldiv                                            text62       010FFC
__end_of___flge                                             text61       011B54
__end_of___flmul                                            text60       0108DC
__end_of___fltol                                            text59       01194C
__end_of___xxtofl                                           text58       0113B6
__end_of__initialization                                    cinit        0127F6
__end_of_abs                                                text25       012830
__end_of_comm_loop                                          text51       012BFE
__end_of_dtoa                                               text20       0116DC
__end_of_fputc                                              text23       011CEA
__end_of_fputs                                              text22       012750
__end_of_initialize_comms                                   text4        011E76
__end_of_initialize_racket                                  text3        012B5C
__end_of_lerp_duty                                          text57       011566
__end_of_main                                               text0        012B80
__end_of_memcpy                                             text65       0126C8
__end_of_pad                                                text21       0121CA
__end_of_printf                                             text14       012A30
__end_of_putch                                              text24       012C04
__end_of_read_prec_or_width                                 text19       011C20
__end_of_rf24_crclength                                     mediumconst  00FEB7
__end_of_servoPWM_Initialize                                text40       012524
__end_of_servoPWM_LoadBufferRegisters                       text56       012C02
__end_of_servoPWM_Period_SetInterruptHandler                text43       012BB8
__end_of_servoPWM_SetSlice1Output1DutyCycleRegister         text55       012BF8
__end_of_servoPWM_Slice1Output1_SetInterruptHandler         text42       012BAA
__end_of_servoPWM_Slice1Output2_SetInterruptHandler         text41       012B9C
__end_of_set_comms_handler                                  text2        012B8E
__end_of_set_racket                                         text64       012AD4
__end_of_setup                                              text1        012A9A
__end_of_spi1_configuration                                 mediumconst  00FE99
__end_of_step_comms                                         text52       0122EA
__end_of_stoa                                               text18       011846
__end_of_update_racket                                      text53       012928
__end_of_update_servo                                       text54       012986
__end_of_vfpfcnvrt                                          text16       010C6C
__end_of_vfprintf                                           text15       012626
[...]
__ptext45                                                   text45       011FE6
__ptext46                                                   text46       012750
__ptext47                                                   text47       012BB8
__ptext48                                                   text48       012BC6
__ptext49                                                   text49       012BD4
__ptext5                                                    text5        012986
__ptext50                                                   text50       012B5C
__ptext51                                                   text51       012BF8
__ptext52                                                   text52       012264
__ptext53                                                   text53       0128F8
__ptext54                                                   text54       012958
__ptext55                                                   text55       012BEE
__ptext56                                                   text56       012BFE
__ptext57                                                   text57       0113B6
__ptext58                                                   text58       011202
__ptext59                                                   text59       011846
__ptext6                                                    text6        0121CA
__ptext60                                                   text60       0104B6
__ptext61                                                   text61       011A50
__ptext62                                                   text62       010C6C
__ptext63                                                   text63       010000
__ptext64                                                   text64       012AB8
__ptext65                                                   text65       012678
__ptext66                                                   text66       012896
__ptext67                                                   text67       012B04
__ptext68                                                   text68       012A30
__ptext69                                                   text69       012B32
__ptext7                                                    text7        012864
__ptext70                                                   text70       012928
__ptext71                                                   text71       012830
__ptext72                                                   text72       0129DE
__ptext8                                                    text8        0126C8
__ptext9                                                    text9        012582
__ramtop                                                    ramtop       002600
__smallconst                                                mediumconst  00FE64
_abs                                                        text25       0127FC
_comm_loop                                                  text51       012BF8
_dbuf                                                       bssBANK5     00059F
_dev                                                        bssBANK5     0005BF
_dtoa                                                       text20       011566
_dtoa$1973                                                  cstackCOMRAM 00051E
_flags                                                      bssCOMRAM    00055E
_fputc                                                      text23       011C20
_fputs                                                      text22       01270C
_initialize_comms                                           text4        011DB4
_initialize_racket                                          text3        012B48
_lerp_duty                                                  text57       0113B6
_main                                                       text0        012B70
_memcpy                                                     text65       012678
_pad                                                        text21       01212C
_prec                                                       bssBANK5     00059D
_printf                                                     text14       012A0A
_putch                                                      text24       012C02
_read_prec_or_width                                         text19       011B54
_rf24_crclength                                             mediumconst  00FE99
_rf24_datarates                                             dataBANK5    000580
_rf24_pa_dbm                                                dataBANK5    000560
_servoPWM_Initialize                                        text40       0124BC
_servoPWM_LoadBufferRegisters                               text56       012BFE
_servoPWM_Period_DefaultInterruptHandler                    (abs)        000000
_servoPWM_Period_InterruptHandler                           nvBANK5      0005CB
_servoPWM_Period_SetInterruptHandler                        text43       012BAA
_servoPWM_SetSlice1Output1DutyCycleRegister                 text55       012BEE
_servoPWM_Slice1Output1_DefaultInterruptHandler             (abs)        000000
_servoPWM_Slice1Output1_InterruptHandler                    nvBANK5      0005D1
_servoPWM_Slice1Output1_SetInterruptHandler                 text42       012B9C
_servoPWM_Slice1Output2_DefaultInterruptHandler             (abs)        000000
_servoPWM_Slice1Output2_InterruptHandler                    nvBANK5      0005CE
_servoPWM_Slice1Output2_SetInterruptHandler                 text41       012B8E
_set_comms_handler                                          text2        012B80
_set_racket                                                 text64       012AB8
_setup                                                      text1        012A7A
_spi1_configuration                                         mediumconst  00FE8F
_step_comms                                                 text52       012264
_stoa                                                       text18       0116DC
_update_racket                                              text53       0128F8
_update_servo                                               text54       012958
_vfpfcnvrt                                                  text16       0108DC
_vfprintf                                                   text15       0125D4
_width                                                      bssBANK5     00059B
_xtoa                                                       text17       01194C
abs@a                                                       cstackCOMRAM 000507
dtoa@d                                                      cstackCOMRAM 00051C
dtoa@fp                                                     cstackCOMRAM 00051A
dtoa@i                                                      cstackCOMRAM 000524
dtoa@p                                                      cstackCOMRAM 000520
dtoa@s                                                      cstackCOMRAM 000523
dtoa@w                                                      cstackCOMRAM 000521
end_of_initialization                                       cinit        0127F6
fputc@c                                                     cstackCOMRAM 000501
fputc@fp                                                    cstackCOMRAM 000503
fputs@c                                                     cstackCOMRAM 00050E
fputs@fp                                                    cstackCOMRAM 00050C
fputs@i                                                     cstackCOMRAM 00050F
fputs@s                                                     cstackCOMRAM 00050A
initialize_comms@buf                                        cstackBANK5  0005DB
initialize_comms@ret                                        cstackBANK5  0005E3
intlevel0                                                   text         000000
intlevel1                                                   text         000000
intlevel2                                                   text         000000
intlevel3                                                   text         000000
isa$std                                                     (abs)        000001
isa$xinst                                                   (abs)        000000
lerp_duty@angle                                             cstackCOMRAM 00054D
memcpy@d                                                    cstackCOMRAM 000507
memcpy@d1                                                   cstackCOMRAM 000501
memcpy@n                                                    cstackCOMRAM 000505
memcpy@s                                                    cstackCOMRAM 000509
memcpy@s1                                                   cstackCOMRAM 000503
memcpy@tmp                                                  cstackCOMRAM 00050B
pad@buf                                                     cstackCOMRAM 000513
pad@fp                                                      cstackCOMRAM 000511
pad@i                                                       cstackCOMRAM 000518
pad@p                                                       cstackCOMRAM 000515
printf@ap                                                   cstackCOMRAM 00054C
printf@fmt                                                  cstackCOMRAM 00053E
read_prec_or_width@ap                                       cstackCOMRAM 000503
read_prec_or_width@c                                        cstackCOMRAM 000507
read_prec_or_width@fmt                                      cstackCOMRAM 000501
read_prec_or_width@n                                        cstackCOMRAM 000508
servoPWM_Period_SetInterruptHandler@InterruptHandler        cstackCOMRAM 000501
servoPWM_SetSlice1Output1DutyCycleRegister@registerValue    cstackCOMRAM 000501
servoPWM_Slice1Output1_SetInterruptHandler@InterruptHandler cstackCOMRAM 000501
servoPWM_Slice1Output2_SetInterruptHandler@InterruptHandler cstackCOMRAM 000501
set_comms_handler@handler                                   cstackCOMRAM 000501
set_racket@fire                                             cstackCOMRAM 000501
stackhi                                                     (abs)        000000
stacklo                                                     (abs)        000000
start                                                       init         01FFFC
start_initialization                                        cinit        0127C8
step_comms@buf                                              cstackBANK5  0005D4
step_comms@msg                                              cstackBANK5  0005DC
stoa@cp                                                     cstackCOMRAM 000514
stoa@fp                                                     cstackCOMRAM 00050A
stoa@l                                                      cstackCOMRAM 000516
stoa@p                                                      cstackCOMRAM 000510
stoa@s                                                      cstackCOMRAM 00050C
stoa@w                                                      cstackCOMRAM 000512
update_racket@msg                                           cstackCOMRAM 000557
update_servo@angle                                          cstackCOMRAM 000551
update_servo@duty                                           cstackCOMRAM 000555
vfpfcnvrt@ap                                                cstackCOMRAM 00052B
vfpfcnvrt@convarg                                           cstackCOMRAM 00052F
vfpfcnvrt@cp                                                cstackCOMRAM 000534
vfpfcnvrt@done                                              cstackCOMRAM 000533
vfpfcnvrt@fmt                                               cstackCOMRAM 000529
vfpfcnvrt@fp                                                cstackCOMRAM 000527
vfprintf@ap                                                 cstackCOMRAM 00053A
vfprintf@cfmt                                               cstackCOMRAM 00053C
vfprintf@fmt                                                cstackCOMRAM 000538
vfprintf@fp                                                 cstackCOMRAM 000536
xtoa@c                                                      cstackCOMRAM 000524
xtoa@d                                                      cstackCOMRAM 00051C
xtoa@fp                                                     cstackCOMRAM 00051A
xtoa@i                                                      cstackCOMRAM 000525
xtoa@p                                                      cstackCOMRAM 000521
xtoa@w                                                      cstackCOMRAM 000522


MODULE INFORMATION

Module		Function		Class		Link	Load	Size
C:\Program Files\Microchip\xc8\v3.00\pic\sources\c99\common\flge.c
		___flge        		CODE           	11A50	0000	260

C:\Program Files\Microchip\xc8\v3.00\pic\sources\c99\common\flge.c estimated size: 260

C:\Program Files\Microchip\xc8\v3.00\pic\sources\c99\common\abs.c
		_abs           		CODE           	127FC	0000	52

C:\Program Files\Microchip\xc8\v3.00\pic\sources\c99\common\abs.c estimated size: 52

C:\Program Files\Microchip\xc8\v3.00\pic\sources\c99\common\nf_fputc.c
		_fputc         		CODE           	11C20	0000	202

C:\Program Files\Microchip\xc8\v3.00\pic\sources\c99\common\nf_fputc.c estimated size: 202

C:\Program Files\Microchip\xc8\v3.00\pic\sources\c99\common\memcpy.c
		_memcpy        		CODE           	12678	0000	80

C:\Program Files\Microchip\xc8\v3.00\pic\sources\c99\common\memcpy.c estimated size: 80

mcc_generated_files/system/src/interrupt.c
		_INT0_SetInterruptHandler		CODE           	12BD4	0000	14
		_INT1_SetInterruptHandler		CODE           	12BC6	0000	14
		_INT2_SetInterruptHandler		CODE           	12BB8	0000	14
		_INTERRUPT_Initialize		CODE           	12750	0000	64

mcc_generated_files/system/src/interrupt.c estimated size: 106

mcc_generated_files/pwm/src/pwm1_16bit.c
		_servoPWM_Period_SetInterruptHandler		CODE           	12BAA	0000	14
		_servoPWM_Initialize		CODE           	124BC	0000	104
		_servoPWM_SetSlice1Output1DutyCycleRegister		CODE           	12BEE	0000	10
		_servoPWM_Slice1Output2_SetInterruptHandler		CODE           	12B8E	0000	14
		_servoPWM_LoadBufferRegisters		CODE           	12BFE	0000	4
		_servoPWM_Slice1Output1_SetInterruptHandler		CODE           	12B9C	0000	14

mcc_generated_files/pwm/src/pwm1_16bit.c estimated size: 160

C:\Program Files\Microchip\xc8\v3.00\pic\sources\c99\common\printf.c
		_printf        		CODE           	12A0A	0000	38

C:\Program Files\Microchip\xc8\v3.00\pic\sources\c99\common\printf.c estimated size: 38

C:\Program Files\Microchip\xc8\v3.00\pic\sources\c99\common\awmod.c
		___awmod       		CODE           	11F38	0000	174

C:\Program Files\Microchip\xc8\v3.00\pic\sources\c99\common\awmod.c estimated size: 174

C:\Program Files\Microchip\xc8\v3.00\pic\sources\c99\common\putch.c
		_putch         		CODE           	12C02	0000	2

C:\Program Files\Microchip\xc8\v3.00\pic\sources\c99\common\putch.c estimated size: 2

C:\Program Files\Microchip\xc8\v3.00\pic\sources\c99\common\sprcmul.c
		___flmul       		CODE           	104B6	0000	1062

C:\Program Files\Microchip\xc8\v3.00\pic\sources\c99\common\sprcmul.c estimated size: 1062

racket.c
		_initialize_racket		CODE           	12B48	0000	20
		_lerp_duty     		CODE           	113B6	0000	432
		_update_servo  		CODE           	12958	0000	46
		_update_racket 		CODE           	128F8	0000	48
		_set_racket    		CODE           	12AB8	0000	28

racket.c estimated size: 574

mcc_generated_files/system/src/pins.c
		_PIN_MANAGER_Initialize		CODE           	11FE6	0000	164

mcc_generated_files/system/src/pins.c estimated size: 164

mcc_generated_files/timer/src/delay.c
		_DELAY_milliseconds		CODE           	128C8	0000	48
		_DELAY_microseconds		CODE           	12582	0000	82

mcc_generated_files/timer/src/delay.c estimated size: 130

C:\Program Files\Microchip\xc8\v3.00\pic\sources\c99\common\sprcdiv.c
		___fldiv       		CODE           	10C6C	0000	912

C:\Program Files\Microchip\xc8\v3.00\pic\sources\c99\common\sprcdiv.c estimated size: 912

shared
		_rf24_crclength		MEDIUMCONST    	FE99	0000	30
		__initialization		CODE           	127C8	0000	46
		_SPI1_nrf24    		MEDIUMCONST    	FE65	0000	42
		_spi1_configuration		MEDIUMCONST    	FE8F	0000	10

shared estimated size: 128

mirf.c
		_Nrf24_writeRegister		CODE           	12864	0000	50
		_Nrf24_dataReady		CODE           	12A30	0000	38
		_Nrf24_getCRCLength		CODE           	12454	0000	104
		_Nrf24_getStatus		CODE           	12B32	0000	22
		_SPI_write_buff		CODE           	126C8	0000	68
		_SPI_read_buff 		CODE           	12830	0000	52
		_Nrf24_getRetransmitDelay		CODE           	12AD4	0000	24
		_Nrf24_powerUpRx		CODE           	12A56	0000	36
		_Nrf24_printDetails		CODE           	10FFC	0000	518
		_Nrf24_setRetransmitDelay		CODE           	12986	0000	44
		_Nrf24_print_status		CODE           	122EA	0000	128
		_Nrf24_getPALevel		CODE           	12A9A	0000	30
		_Nrf24_getData 		CODE           	12896	0000	50
		_Nrf24_getDataRate		CODE           	12626	0000	82
		_Nrf24_configRegister		CODE           	12B04	0000	24
		_Nrf24_SetSpeedDataRates		CODE           	123E6	0000	110
		_Nrf24_print_address_register		CODE           	1208A	0000	162
		_Nrf24_readRegister		CODE           	12928	0000	48
		_Nrf24_config  		CODE           	1236A	0000	124
		_Nrf24_init    		CODE           	129B2	0000	44
		_Nrf24_print_byte_register		CODE           	12524	0000	94
		_Nrf24_flushRx 		CODE           	12BE2	0000	12
		_Nrf24_setRADDR		CODE           	121CA	0000	154

mirf.c estimated size: 2018

C:\Program Files\Microchip\xc8\v3.00\pic\sources\c99\common\xxtofl.c
		___xxtofl      		CODE           	11202	0000	436

C:\Program Files\Microchip\xc8\v3.00\pic\sources\c99\common\xxtofl.c estimated size: 436

C:\Program Files\Microchip\xc8\v3.00\pic\sources\c99\common\nf_fputs.c
		_fputs         		CODE           	1270C	0000	68

C:\Program Files\Microchip\xc8\v3.00\pic\sources\c99\common\nf_fputs.c estimated size: 68

comms.c
		_set_comms_handler		CODE           	12B80	0000	14
		_step_comms    		CODE           	12264	0000	134
		_initialize_comms		CODE           	11DB4	0000	194

comms.c estimated size: 342

mcc_generated_files/system/src/clock.c
		_CLOCK_Initialize		CODE           	12B5C	0000	20

mcc_generated_files/system/src/clock.c estimated size: 20

C:\Program Files\Microchip\xc8\v3.00\pic\sources\c99\common\awdiv.c
		___awdiv       		CODE           	11E76	0000	194

C:\Program Files\Microchip\xc8\v3.00\pic\sources\c99\common\awdiv.c estimated size: 194

C:\Program Files\Microchip\xc8\v3.00\pic\sources\c99\common\fltol.c
		___fltol       		CODE           	11846	0000	262

C:\Program Files\Microchip\xc8\v3.00\pic\sources\c99\common\fltol.c estimated size: 262

main.c
		_main          		CODE           	12B70	0000	16
		_comm_loop     		CODE           	12BF8	0000	6
		_setup         		CODE           	12A7A	0000	32

main.c estimated size: 54

C:\Program Files\Microchip\xc8\v3.00\pic\sources\c99\common\doprnt.c
		_read_prec_or_width		CODE           	11B54	0000	204
		_vfpfcnvrt     		CODE           	108DC	0000	912
		_pad           		CODE           	1212C	0000	158
		_dtoa          		CODE           	11566	0000	374
		_vfprintf      		CODE           	125D4	0000	82
		_stoa          		CODE           	116DC	0000	362
		_xtoa          		CODE           	1194C	0000	260

C:\Program Files\Microchip\xc8\v3.00\pic\sources\c99\common\doprnt.c estimated size: 2352

C:\Program Files\Microchip\xc8\v3.00\pic\sources\c99\common\sprcadd.c
		___fladd       		CODE           	10000	0000	1206

C:\Program Files\Microchip\xc8\v3.00\pic\sources\c99\common\sprcadd.c estimated size: 1206

mcc_generated_files/system/src/system.c
		_SYSTEM_Initialize		CODE           	12B1C	0000	22

mcc_generated_files/system/src/system.c estimated size: 22

mcc_generated_files/spi/src/spi1.c
		_SPI1_ByteExchange		CODE           	129DE	0000	44
		_SPI1_Open     		CODE           	11CEA	0000	202
		_SPI1_Initialize		CODE           	12AEC	0000	24

mcc_generated_files/spi/src/spi1.c estimated size: 270

