Microchip MPLAB XC8 Compiler V2.50

Linker command line:

-W-3 \
  --edf=C:\Program Files\Microchip\xc8\v2.50\pic\dat\20240725155939_en.msgs \
  -cn -h+dist/default/debug\pic_core.X.debug.sym \
  --cmf=dist/default/debug\pic_core.X.debug.cmf -z -Q18F57Q43 \
  -oC:\Users\Yusuf\AppData\Local\Temp\xcAsm30.\driver_tmp_3.o \
  --defsym=__MPLAB_BUILD=1 --fixupoverflow=error \
  -Mdist/default/debug/pic_core.X.debug.map \
  --md=C:\Users\Yusuf\AppData\Local\Temp\xcAsm30.\driver_tmp_0.dat -E1 \
  -ver=XC8 Compiler --acfsm=1493 -ACODE=00h-01FFFFh -ACONST=00h-01FFFFh \
  -ASMALLCONST=02600h-026FFhx474 \
  -AMEDIUMCONST=02600h-0FFFFh,012600h-01FFFFh -ACOMRAM=0501h-055Fh \
  -AABS1=0500h-024FFh -ABIGRAM=0501h-024FFh \
  -ARAM=0560h-05FFh,0600h-06FFhx31 -ABANK5=0560h-05FFh -ABANK6=0600h-06FFh \
  -ABANK7=0700h-07FFh -ABANK8=0800h-08FFh -ABANK9=0900h-09FFh \
  -ABANK10=0A00h-0AFFh -ABANK11=0B00h-0BFFh -ABANK12=0C00h-0CFFh \
  -ABANK13=0D00h-0DFFh -ABANK14=0E00h-0EFFh -ABANK15=0F00h-0FFFh \
  -ABANK16=01000h-010FFh -ABANK17=01100h-011FFh -ABANK18=01200h-012FFh \
  -ABANK19=01300h-013FFh -ABANK20=01400h-014FFh -ABANK21=01500h-015FFh \
  -ABANK22=01600h-016FFh -ABANK23=01700h-017FFh -ABANK24=01800h-018FFh \
  -ABANK25=01900h-019FFh -ABANK26=01A00h-01AFFh -ABANK27=01B00h-01BFFh \
  -ABANK28=01C00h-01CFFh -ABANK29=01D00h-01DFFh -ABANK30=01E00h-01EFFh \
  -ABANK31=01F00h-01FFFh -ABANK32=02000h-020FFh -ABANK33=02100h-021FFh \
  -ABANK34=02200h-022FFh -ABANK35=02300h-023FFh -ABANK36=02400h-024FFh \
  -ASFR=00h-0FFhx4,0400h-045Fh,0460h-04FFh,02500h-025FFh \
  -ABIGSFR=00h-04FFh,02500h-025FFh -ACONFIG=0300000h-0300011h \
  -AIDLOC=0200000h-020003Fh -AEEDATA=0380000h-03803FFh -peeprom_data=EEDATA \
  -preset_vec=00h -ppowerup=CODE,init -pramtop=02600h \
  -psmallconst=SMALLCONST -pmediumconst=MEDIUMCONST -pconst=CONST \
  -AFARRAM=00h-00h \
  -prdata=COMRAM,nvrram=COMRAM,nvbit=COMRAM,rbss=COMRAM,rbit=COMRAM \
  -pfarbss=FARRAM,fardata=FARRAM,nvFARRAM=FARRAM \
  -pintsave_regs=BIGRAM,bigbss=BIGRAM,bigdata=BIGRAM -pbss=RAM \
  -pidata=CODE,irdata=CODE,ibigdata=CODE,ifardata=CODE -prparam=COMRAM \
  C:\Users\Yusuf\AppData\Local\Temp\xcAsm30.\driver_tmp_14.o \
  dist/default/debug\pic_core.X.debug.o 

Object code version is 3.11

Machine type is 18F57Q43



                Name                               Link     Load   Length Selector   Space Scale
C:\Users\Yusuf\AppData\Local\Temp\xcAsm30.\driver_tmp_14.o
                idloc                            200000   200000       40        0       5
                config                           300000   300000        A        0       4
                init                              1FFFC    1FFFC        4     FFFE       0
                reset_vec                             0        0        4        0       0
dist/default/debug\pic_core.X.debug.o
                idloc                            200000   200000       40        0       5
                config                           300000   300000        A        0       4
                mediumconst                        FE64     FE64      19C     7F32       0
                text51                            11828    11828       14     8000       0
                text50                            11878    11878        E     8000       0
                text49                            1186A    1186A        E     8000       0
                text48                            1185C    1185C        E     8000       0
                text47                            114E0    114E0       40     8000       0
                text46                            10FAC    10FAC       9C     8000       0
                text45                            117FA    117FA       18     8000       0
                text44                            1183C    1183C       12     8000       0
                text43                            11688    11688       30     8000       0
                text42                            11710    11710       2C     8000       0
                text41                            117E2    117E2       18     8000       0
                text40                            115C0    115C0       34     8000       0
                text39                            11658    11658       30     8000       0
                text38                            111DE    111DE       6E     8000       0
                text37                            11886    11886        C     8000       0
                text36                            11812    11812       16     8000       0
                text35                            11788    11788       24     8000       0
                text34                            11162    11162       7C     8000       0
                text33                            11762    11762       26     8000       0
                text32                            11626    11626       32     8000       0
                text31                            10C32    10C32       CA     8000       0
                text30                            116E4    116E4       2C     8000       0
                text29                            1124C    1124C       68     8000       0
                text28                            113B6    113B6       52     8000       0
                text27                            117AC    117AC       1E     8000       0
                text26                            117CA    117CA       18     8000       0
                text25                            10CFC    10CFC       C2     8000       0
                text24                            10DBE    10DBE       AE     8000       0
                text23                            1158C    1158C       34     8000       0
                text22                            11892    11892        2     8000       0
                text21                            10B68    10B68       CA     8000       0
                text20                            1149C    1149C       44     8000       0
                text19                            10F0E    10F0E       9E     8000       0
                text18                            10596    10596      176     8000       0
                text17                            10A9C    10A9C       CC     8000       0
                text16                            1070C    1070C      16A     8000       0
                text15                            10998    10998      104     8000       0
                text14                            10000    10000      390     8000       0
                text13                            11364    11364       52     8000       0
                text12                            1173C    1173C       26     8000       0
                text11                            10E6C    10E6C       A2     8000       0
                text10                            112B4    112B4       5E     8000       0
                text9                             110E2    110E2       80     8000       0
                text8                             10390    10390      206     8000       0
                text7                             11312    11312       52     8000       0
                text6                             11458    11458       44     8000       0
                text5                             115F4    115F4       32     8000       0
                text4                             11048    11048       9A     8000       0
                text3                             116B8    116B8       2C     8000       0
                text2                             11408    11408       50     8000       0
                text1                             10876    10876      122     8000       0
                text0                             1184E    1184E        E     8000       0
                cstackCOMRAM                        501      501       5D      501       1
                cstackBANK5                         5BC      5BC       19      560       1
                dataBANK5                           560      560       38      560       1
                bssBANK5                            598      598       24      560       1
                bssCOMRAM                           55E      55E        1      501       1
                cinit                             11558    11558       34     8000       0
                nvBANK5                             5D5      5D5        9      560       1
                idataBANK5                        11520    11520       38     8000       0

TOTAL           Name                               Link     Load   Length     Space
        CLASS   CODE           
                init                              1FFFC    1FFFC        4         0
                reset_vec                             0        0        4         0
                text51                            11828    11828       14         0
                text50                            11878    11878        E         0
                text49                            1186A    1186A        E         0
                text48                            1185C    1185C        E         0
                text47                            114E0    114E0       40         0
                text46                            10FAC    10FAC       9C         0
                text45                            117FA    117FA       18         0
                text44                            1183C    1183C       12         0
                text43                            11688    11688       30         0
                text42                            11710    11710       2C         0
                text41                            117E2    117E2       18         0
                text40                            115C0    115C0       34         0
                text39                            11658    11658       30         0
                text38                            111DE    111DE       6E         0
                text37                            11886    11886        C         0
                text36                            11812    11812       16         0
                text35                            11788    11788       24         0
                text34                            11162    11162       7C         0
                text33                            11762    11762       26         0
                text32                            11626    11626       32         0
                text31                            10C32    10C32       CA         0
                text30                            116E4    116E4       2C         0
                text29                            1124C    1124C       68         0
                text28                            113B6    113B6       52         0
                text27                            117AC    117AC       1E         0
                text26                            117CA    117CA       18         0
                text25                            10CFC    10CFC       C2         0
                text24                            10DBE    10DBE       AE         0
                text23                            1158C    1158C       34         0
                text22                            11892    11892        2         0
                text21                            10B68    10B68       CA         0
                text20                            1149C    1149C       44         0
                text19                            10F0E    10F0E       9E         0
                text18                            10596    10596      176         0
                text17                            10A9C    10A9C       CC         0
                text16                            1070C    1070C      16A         0
                text15                            10998    10998      104         0
                text14                            10000    10000      390         0
                text13                            11364    11364       52         0
                text12                            1173C    1173C       26         0
                text11                            10E6C    10E6C       A2         0
                text10                            112B4    112B4       5E         0
                text9                             110E2    110E2       80         0
                text8                             10390    10390      206         0
                text7                             11312    11312       52         0
                text6                             11458    11458       44         0
                text5                             115F4    115F4       32         0
                text4                             11048    11048       9A         0
                text3                             116B8    116B8       2C         0
                text2                             11408    11408       50         0
                text1                             10876    10876      122         0
                text0                             1184E    1184E        E         0
                cinit                             11558    11558       34         0
                idataBANK5                        11520    11520       38         0

        CLASS   CONST          

        CLASS   SMALLCONST     

        CLASS   MEDIUMCONST    
                mediumconst                        FE64     FE64      19C         0

        CLASS   COMRAM         
                cstackCOMRAM                        501      501       5D         1
                bssCOMRAM                           55E      55E        1         1

        CLASS   ABS1           

        CLASS   BIGRAM         

        CLASS   RAM            

        CLASS   BANK5          
                cstackBANK5                         5BC      5BC       19         1
                dataBANK5                           560      560       38         1
                bssBANK5                            598      598       24         1
                nvBANK5                             5D5      5D5        9         1

        CLASS   BANK6          

        CLASS   BANK7          

        CLASS   BANK8          

        CLASS   BANK9          

        CLASS   BANK10         

        CLASS   BANK11         

        CLASS   BANK12         

        CLASS   BANK13         

        CLASS   BANK14         

        CLASS   BANK15         

        CLASS   BANK16         

        CLASS   BANK17         

        CLASS   BANK18         

        CLASS   BANK19         

        CLASS   BANK20         

        CLASS   BANK21         

        CLASS   BANK22         

        CLASS   BANK23         

        CLASS   BANK24         

        CLASS   BANK25         

        CLASS   BANK26         

        CLASS   BANK27         

        CLASS   BANK28         

        CLASS   BANK29         

        CLASS   BANK30         

        CLASS   BANK31         

        CLASS   BANK32         

        CLASS   BANK33         

        CLASS   BANK34         

        CLASS   BANK35         

        CLASS   BANK36         

        CLASS   SFR            

        CLASS   BIGSFR         

        CLASS   CONFIG         
                config                           300000   300000        A         4

        CLASS   IDLOC          
                idloc                            200000   200000       40         5

        CLASS   EEDATA         

        CLASS   FARRAM         

        CLASS   HEAP           

        CLASS   STACK          



SEGMENTS        Name                           Load    Length   Top    Selector   Space  Class

                reset_vec                      000000  000004  000004         0       0  CODE    
                cstackCOMRAM                   000501  00005E  00055F       501       1  COMRAM  
                dataBANK5                      000560  00007E  0005DE       560       1  BANK5   
                mediumconst                    00FE64  00019C  010000      7F32       0  MEDIUMCO
                text14                         010000  001894  011894      8000       0  CODE    
                init                           01FFFC  000004  020000      FFFE       0  CODE    


UNUSED ADDRESS RANGES

        Name                Unused          Largest block    Delta
        BANK10           000A00-000AFF              100
        BANK11           000B00-000BFF              100
        BANK12           000C00-000CFF              100
        BANK13           000D00-000DFF              100
        BANK14           000E00-000EFF              100
        BANK15           000F00-000FFF              100
        BANK16           001000-0010FF              100
        BANK17           001100-0011FF              100
        BANK18           001200-0012FF              100
        BANK19           001300-0013FF              100
        BANK20           001400-0014FF              100
        BANK21           001500-0015FF              100
        BANK22           001600-0016FF              100
        BANK23           001700-0017FF              100
        BANK24           001800-0018FF              100
        BANK25           001900-0019FF              100
        BANK26           001A00-001AFF              100
        BANK27           001B00-001BFF              100
        BANK28           001C00-001CFF              100
        BANK29           001D00-001DFF              100
        BANK30           001E00-001EFF              100
        BANK31           001F00-001FFF              100
        BANK32           002000-0020FF              100
        BANK33           002100-0021FF              100
        BANK34           002200-0022FF              100
        BANK35           002300-0023FF              100
        BANK36           002400-0024FF              100
        BANK5            0005DE-0005FF               22
        BANK6            000600-0006FF              100
        BANK7            000700-0007FF              100
        BANK8            000800-0008FF              100
        BANK9            000900-0009FF              100
        BIGRAM           00055F-00055F                1
                         0005DE-0024FF             1F22
        BIGSFR           000000-0004FF              500
                         002500-0025FF              100
        CODE             000004-00FE63             FE60
                         011894-01FFFB             E768
        COMRAM           00055F-00055F                1
        CONFIG           30000A-300011                8
        CONST            000004-00FE63             FE60
                         011894-01FFFB             E768
        EEDATA           380000-3803FF              400
        MEDIUMCONST      002600-00FE63             D864
                         012600-01FFFB             D9FC
        RAM              0005DE-0024FF              100
        SFR              000000-0004FF              100
                         002500-0025FF              100
        SMALLCONST       002600-00FE63              100
                         011894-01FFFB              100

                                  Symbol Table

?_Nrf24_setRADDR                          cstackCOMRAM 00050B
?___awdiv                                 cstackCOMRAM 000501
?___awmod                                 cstackCOMRAM 000501
?_abs                                     cstackCOMRAM 000507
?_printf                                  cstackCOMRAM 00053E
?_read_prec_or_width                      cstackCOMRAM 000501
?_vfprintf                                cstackCOMRAM 000536
DELAY_microseconds@microseconds           cstackCOMRAM 000501
DELAY_milliseconds@milliseconds           cstackCOMRAM 000501
INT0_SetInterruptHandler@InterruptHandler cstackCOMRAM 000501
INT1_SetInterruptHandler@InterruptHandler cstackCOMRAM 000501
INT2_SetInterruptHandler@InterruptHandler cstackCOMRAM 000501
Nrf24_SetSpeedDataRates@dev               cstackCOMRAM 00050B
Nrf24_SetSpeedDataRates@val               cstackCOMRAM 00050D
Nrf24_SetSpeedDataRates@value             cstackCOMRAM 00050E
Nrf24_config@channel                      cstackCOMRAM 000510
Nrf24_config@dev                          cstackCOMRAM 00050E
Nrf24_config@payload                      cstackCOMRAM 000511
Nrf24_configRegister@reg                  cstackCOMRAM 000504
Nrf24_configRegister@value                cstackCOMRAM 000503
Nrf24_dataReady@dev                       cstackCOMRAM 00050E
Nrf24_dataReady@status                    cstackCOMRAM 000510
Nrf24_flushRx@dev                         cstackCOMRAM 000503
Nrf24_getCRCLength@AA                     cstackCOMRAM 00050E
Nrf24_getCRCLength@config                 cstackCOMRAM 00050F
Nrf24_getCRCLength@dev                    cstackCOMRAM 00050B
Nrf24_getCRCLength@result                 cstackCOMRAM 00050D
Nrf24_getData@data                        cstackCOMRAM 000509
Nrf24_getData@dev                         cstackCOMRAM 000507
Nrf24_getDataRate@dev                     cstackCOMRAM 00050B
Nrf24_getDataRate@dr                      cstackCOMRAM 00050E
Nrf24_getDataRate@result                  cstackCOMRAM 00050D
Nrf24_getPALevel@dev                      cstackCOMRAM 00050B
Nrf24_getPALevel@level                    cstackCOMRAM 00050D
Nrf24_getRetransmitDelay@dev              cstackCOMRAM 00050B
Nrf24_getRetransmitDelay@value            cstackCOMRAM 00050D
Nrf24_getStatus@dev                       cstackCOMRAM 00050B
Nrf24_getStatus@rv                        cstackCOMRAM 00050D
Nrf24_init@dev                            cstackCOMRAM 000502
Nrf24_powerUpRx@dev                       cstackCOMRAM 000505
Nrf24_printDetails@delay                  cstackBANK5  0005C0
Nrf24_printDetails@dev                    cstackCOMRAM 00055C
Nrf24_printDetails@retransmit             cstackBANK5  0005C2
Nrf24_print_address_register@buffer       cstackCOMRAM 000555
Nrf24_print_address_register@dev          cstackCOMRAM 00054E
Nrf24_print_address_register@i            cstackCOMRAM 00055A
Nrf24_print_address_register@name         cstackCOMRAM 000550
Nrf24_print_address_register@qty          cstackCOMRAM 000553
Nrf24_print_address_register@reg          cstackCOMRAM 000552
Nrf24_print_byte_register@buffer          cstackCOMRAM 000554
Nrf24_print_byte_register@dev             cstackCOMRAM 00054E
Nrf24_print_byte_register@name            cstackCOMRAM 000550
Nrf24_print_byte_register@qty             cstackCOMRAM 000553
Nrf24_print_byte_register@reg             cstackCOMRAM 000552
Nrf24_print_status@status                 cstackCOMRAM 00054F
Nrf24_readRegister@len                    cstackCOMRAM 000509
Nrf24_readRegister@reg                    cstackCOMRAM 00050A
Nrf24_readRegister@value                  cstackCOMRAM 000507
Nrf24_setRADDR@adr                        cstackCOMRAM 00050D
Nrf24_setRADDR@buffer                     cstackCOMRAM 000512
Nrf24_setRADDR@dev                        cstackCOMRAM 00050B
Nrf24_setRADDR@i                          cstackCOMRAM 000519
Nrf24_setRADDR@ret                        cstackCOMRAM 000517
Nrf24_setRetransmitDelay@dev              cstackCOMRAM 00050B
Nrf24_setRetransmitDelay@val              cstackCOMRAM 00050D
Nrf24_setRetransmitDelay@value            cstackCOMRAM 00050E
Nrf24_writeRegister@len                   cstackCOMRAM 000509
Nrf24_writeRegister@reg                   cstackCOMRAM 00050A
Nrf24_writeRegister@value                 cstackCOMRAM 000507
SPI1_ByteExchange@byteData                cstackCOMRAM 000501
SPI1_ByteExchange@returnValue             cstackCOMRAM 000502
SPI1_Open@spiConfigIndex                  cstackCOMRAM 000501
SPI_read_buff@buffer                      cstackCOMRAM 000503
SPI_read_buff@bytes                       cstackCOMRAM 000505
SPI_read_buff@i                           cstackCOMRAM 000506
SPI_write_buff@buffer                     cstackCOMRAM 000503
SPI_write_buff@bytes                      cstackCOMRAM 000505
SPI_write_buff@i                          cstackCOMRAM 000506
_ACTCON                                   (abs)        0000AC
_ANSELA                                   (abs)        000400
_ANSELB                                   (abs)        000408
_ANSELC                                   (abs)        000410
_ANSELD                                   (abs)        000418
_ANSELE                                   (abs)        000420
_ANSELF                                   (abs)        000428
_CLOCK_Initialize                         text51       011828
_DELAY_microseconds                       text7        011312
_DELAY_milliseconds                       text43       011688
_INLVLA                                   (abs)        000404
_INLVLB                                   (abs)        00040C
_INLVLC                                   (abs)        000414
_INLVLD                                   (abs)        00041C
_INLVLE                                   (abs)        000424
_INLVLF                                   (abs)        00042C
_INT0_DefaultInterruptHandler             (abs)        000000
_INT0_InterruptHandler                    nvBANK5      0005DB
_INT0_SetInterruptHandler                 text50       011878
_INT1_DefaultInterruptHandler             (abs)        000000
_INT1_InterruptHandler                    nvBANK5      0005D8
_INT1_SetInterruptHandler                 text49       01186A
_INT2_DefaultInterruptHandler             (abs)        000000
_INT2_InterruptHandler                    nvBANK5      0005D5
_INT2_SetInterruptHandler                 text48       01185C
_INTCON0bits                              (abs)        0004D6
_INTERRUPT_Initialize                     text47       0114E0
_IOCAF                                    (abs)        000407
_IOCAN                                    (abs)        000406
_IOCAP                                    (abs)        000405
_IOCBF                                    (abs)        00040F
_IOCBN                                    (abs)        00040E
_IOCBP                                    (abs)        00040D
_IOCCF                                    (abs)        000417
_IOCCN                                    (abs)        000416
_IOCCP                                    (abs)        000415
_IOCEF                                    (abs)        000427
_IOCEN                                    (abs)        000426
_IOCEP                                    (abs)        000425
_LATA                                     (abs)        0004BE
_LATB                                     (abs)        0004BF
_LATC                                     (abs)        0004C0
_LATCbits                                 (abs)        0004C0
_LATD                                     (abs)        0004C1
_LATE                                     (abs)        0004C2
_LATF                                     (abs)        0004C3
_Nrf24_SetSpeedDataRates                  text38       0111DE
_Nrf24_config                             text34       011162
_Nrf24_configRegister                     text41       0117E2
_Nrf24_dataReady                          text33       011762
_Nrf24_flushRx                            text37       011886
_Nrf24_getCRCLength                       text29       01124C
_Nrf24_getData                            text32       011626
_Nrf24_getDataRate                        text28       0113B6
_Nrf24_getPALevel                         text27       0117AC
_Nrf24_getRetransmitDelay                 text26       0117CA
_Nrf24_getStatus                          text36       011812
_Nrf24_init                               text30       0116E4
_Nrf24_powerUpRx                          text35       011788
_Nrf24_printDetails                       text8        010390
_Nrf24_print_address_register             text11       010E6C
_Nrf24_print_byte_register                text10       0112B4
_Nrf24_print_status                       text9        0110E2
_Nrf24_readRegister                       text39       011658
_Nrf24_setRADDR                           text4        011048
_Nrf24_setRetransmitDelay                 text3        0116B8
_Nrf24_writeRegister                      text5        0115F4
_ODCONA                                   (abs)        000402
_ODCONB                                   (abs)        00040A
_ODCONC                                   (abs)        000412
_ODCOND                                   (abs)        00041A
_ODCONE                                   (abs)        000422
_ODCONF                                   (abs)        00042A
_OSCCON1                                  (abs)        0000AD
_OSCCON3                                  (abs)        0000AF
_OSCEN                                    (abs)        0000B3
_OSCFRQ                                   (abs)        0000B1
_OSCTUNE                                  (abs)        0000B0
_PCON0                                    (abs)        0004F0
_PIE3bits                                 (abs)        0004A1
_PIN_MANAGER_Initialize                   text46       010FAC
_PIR10bits                                (abs)        0004B8
_PIR1bits                                 (abs)        0004AF
_PIR3bits                                 (abs)        0004B1
_PIR6bits                                 (abs)        0004B4
_RB1I2C                                   (abs)        000289
_RB2I2C                                   (abs)        000288
_RC3I2C                                   (abs)        000287
_RC4I2C                                   (abs)        000286
_RC4PPS                                   (abs)        000215
_RC6PPS                                   (abs)        000217
_SLRCONA                                  (abs)        000403
_SLRCONB                                  (abs)        00040B
_SLRCONC                                  (abs)        000413
_SLRCOND                                  (abs)        00041B
_SLRCONE                                  (abs)        000423
_SLRCONF                                  (abs)        00042B
_SPI1BAUD                                 (abs)        000089
_SPI1CLK                                  (abs)        00008C
_SPI1CON0                                 (abs)        000084
_SPI1CON0bits                             (abs)        000084
_SPI1CON1                                 (abs)        000085
_SPI1CON2                                 (abs)        000086
_SPI1INTFbits                             (abs)        00008A
_SPI1RXB                                  (abs)        000080
_SPI1SCKPPS                               (abs)        00026A
_SPI1SDIPPS                               (abs)        00026B
_SPI1STATUSbits                           (abs)        000087
_SPI1TCNTH                                (abs)        000083
_SPI1TCNTL                                (abs)        000082
_SPI1TXB                                  (abs)        000081
_SPI1_BufferExchange                      (abs)        000000
_SPI1_BufferRead                          (abs)        000000
_SPI1_BufferWrite                         (abs)        000000
_SPI1_ByteExchange                        text42       011710
_SPI1_ByteRead                            (abs)        000000
_SPI1_ByteWrite                           (abs)        000000
_SPI1_Close                               (abs)        000000
_SPI1_Deinitialize                        (abs)        000000
_SPI1_Initialize                          text45       0117FA
_SPI1_IsRxReady                           (abs)        000000
_SPI1_IsTxReady                           (abs)        000000
_SPI1_Open                                text31       010C32
_SPI1_nrf24                               mediumconst  00FE65
_SPI_read_buff                            text40       0115C0
_SPI_write_buff                           text6        011458
_SYSTEM_Initialize                        text44       01183C
_TRISA                                    (abs)        0004C6
_TRISB                                    (abs)        0004C7
_TRISC                                    (abs)        0004C8
_TRISCbits                                (abs)        0004C8
_TRISD                                    (abs)        0004C9
_TRISE                                    (abs)        0004CA
_TRISF                                    (abs)        0004CB
_WDTCON0                                  (abs)        000078
_WDTCON1                                  (abs)        000079
_WPUA                                     (abs)        000401
_WPUB                                     (abs)        000409
_WPUC                                     (abs)        000411
_WPUD                                     (abs)        000419
_WPUE                                     (abs)        000421
_WPUF                                     (abs)        000429
__HRAM                                    (abs)        000000
__H__absolute__                           __absolute__ 000000
__Habs1                                   abs1         000000
__Hbank10                                 bank10       000000
__Hbank11                                 bank11       000000
__Hbank12                                 bank12       000000
__Hbank13                                 bank13       000000
__Hbank14                                 bank14       000000
__Hbank15                                 bank15       000000
__Hbank16                                 bank16       000000
__Hbank17                                 bank17       000000
__Hbank18                                 bank18       000000
__Hbank19                                 bank19       000000
__Hbank20                                 bank20       000000
__Hbank21                                 bank21       000000
__Hbank22                                 bank22       000000
__Hbank23                                 bank23       000000
__Hbank24                                 bank24       000000
__Hbank25                                 bank25       000000
__Hbank26                                 bank26       000000
__Hbank27                                 bank27       000000
__Hbank28                                 bank28       000000
__Hbank29                                 bank29       000000
__Hbank30                                 bank30       000000
__Hbank31                                 bank31       000000
__Hbank32                                 bank32       000000
__Hbank33                                 bank33       000000
__Hbank34                                 bank34       000000
__Hbank35                                 bank35       000000
__Hbank36                                 bank36       000000
__Hbank5                                  bank5        000000
__Hbank6                                  bank6        000000
__Hbank7                                  bank7        000000
__Hbank8                                  bank8        000000
__Hbank9                                  bank9        000000
__Hbigbss                                 bigbss       000000
__Hbigdata                                bigdata      000000
__Hbigram                                 bigram       000000
__Hbigsfr                                 bigsfr       000000
__Hbss                                    bss          000000
__HbssBANK5                               bssBANK5     000000
__HbssCOMRAM                              bssCOMRAM    000000
__Hcinit                                  cinit        000000
__Hclrtext                                clrtext      000000
__Hcomram                                 comram       000000
__Hconfig                                 config       30000A
__Hconst                                  const        000000
__HcstackBANK5                            cstackBANK5  000000
__HcstackCOMRAM                           cstackCOMRAM 000000
__Hdata                                   data         000000
__HdataBANK5                              dataBANK5    000000
__Heeprom_data                            eeprom_data  000000
__Hfarbss                                 farbss       000000
__Hfardata                                fardata      000000
__Hheap                                   heap         000000
__Hibigdata                               ibigdata     000000
__Hidata                                  idata        000000
__HidataBANK5                             idataBANK5   000000
__Hidloc                                  idloc        200040
__Hifardata                               ifardata     000000
__Hinit                                   init         020000
__Hintsave_regs                           intsave_regs 000000
__Hirdata                                 irdata       000000
__Hmediumconst                            mediumconst  010000
__HnvBANK5                                nvBANK5      000000
__HnvFARRAM                               nvFARRAM     000000
__Hnvbit                                  nvbit        000000
__Hnvrram                                 nvrram       000000
__Hparam                                  rparam       000000
__Hpowerup                                powerup      000000
__Hram                                    ram          000000
__Hramtop                                 ramtop       002600
__Hrbit                                   rbit         000000
__Hrbss                                   rbss         000000
__Hrdata                                  rdata        000000
__Hreset_vec                              reset_vec    000004
__Hrparam                                 rparam       000000
__Hsfr                                    sfr          000000
__Hsmallconst                             smallconst   000000
__Hspace_0                                (abs)        020000
__Hspace_1                                (abs)        0005DE
__Hspace_2                                (abs)        000000
__Hspace_4                                (abs)        60000A
__Hstack                                  stack        000000
__Hstruct                                 struct       000000
__Htemp                                   temp         000000
__Htext                                   text         000000
__Htext0                                  text0        000000
__Htext1                                  text1        000000
__Htext10                                 text10       000000
__Htext11                                 text11       000000
__Htext12                                 text12       000000
__Htext13                                 text13       000000
__Htext14                                 text14       000000
__Htext15                                 text15       000000
__Htext16                                 text16       000000
__Htext17                                 text17       000000
__Htext18                                 text18       000000
__Htext19                                 text19       000000
__Htext2                                  text2        000000
__Htext20                                 text20       000000
__Htext21                                 text21       000000
__Htext22                                 text22       000000
__Htext23                                 text23       000000
__Htext24                                 text24       000000
__Htext25                                 text25       000000
__Htext26                                 text26       000000
__Htext27                                 text27       000000
__Htext28                                 text28       000000
__Htext29                                 text29       000000
__Htext3                                  text3        000000
__Htext30                                 text30       000000
__Htext31                                 text31       000000
__Htext32                                 text32       000000
__Htext33                                 text33       000000
__Htext34                                 text34       000000
__Htext35                                 text35       000000
__Htext36                                 text36       000000
__Htext37                                 text37       000000
__Htext38                                 text38       000000
__Htext39                                 text39       000000
__Htext4                                  text4        000000
__Htext40                                 text40       000000
__Htext41                                 text41       000000
__Htext42                                 text42       000000
__Htext43                                 text43       000000
__Htext44                                 text44       000000
__Htext45                                 text45       000000
__Htext46                                 text46       000000
__Htext47                                 text47       000000
__Htext48                                 text48       000000
__Htext49                                 text49       000000
__Htext5                                  text5        000000
__Htext50                                 text50       000000
__Htext51                                 text51       000000
__Htext6                                  text6        000000
__Htext7                                  text7        000000
__Htext8                                  text8        000000
__Htext9                                  text9        000000
__LRAM                                    (abs)        000001
__L__absolute__                           __absolute__ 000000
__Labs1                                   abs1         000000
__Lbank10                                 bank10       000000
__Lbank11                                 bank11       000000
__Lbank12                                 bank12       000000
__Lbank13                                 bank13       000000
__Lbank14                                 bank14       000000
__Lbank15                                 bank15       000000
__Lbank16                                 bank16       000000
__Lbank17                                 bank17       000000
__Lbank18                                 bank18       000000
__Lbank19                                 bank19       000000
__Lbank20                                 bank20       000000
__Lbank21                                 bank21       000000
__Lbank22                                 bank22       000000
__Lbank23                                 bank23       000000
__Lbank24                                 bank24       000000
__Lbank25                                 bank25       000000
__Lbank26                                 bank26       000000
__Lbank27                                 bank27       000000
__Lbank28                                 bank28       000000
__Lbank29                                 bank29       000000
__Lbank30                                 bank30       000000
__Lbank31                                 bank31       000000
__Lbank32                                 bank32       000000
__Lbank33                                 bank33       000000
__Lbank34                                 bank34       000000
__Lbank35                                 bank35       000000
__Lbank36                                 bank36       000000
__Lbank5                                  bank5        000000
__Lbank6                                  bank6        000000
__Lbank7                                  bank7        000000
__Lbank8                                  bank8        000000
__Lbank9                                  bank9        000000
__Lbigbss                                 bigbss       000000
__Lbigdata                                bigdata      000000
__Lbigram                                 bigram       000000
__Lbigsfr                                 bigsfr       000000
__Lbss                                    bss          000000
__LbssBANK5                               bssBANK5     000000
__LbssCOMRAM                              bssCOMRAM    000000
__Lcinit                                  cinit        000000
__Lclrtext                                clrtext      000000
__Lcomram                                 comram       000000
__Lconfig                                 config       000000
__Lconst                                  const        000000
__LcstackBANK5                            cstackBANK5  000000
__LcstackCOMRAM                           cstackCOMRAM 000000
__Ldata                                   data         000000
__LdataBANK5                              dataBANK5    000000
__Leeprom_data                            eeprom_data  000000
__Lfarbss                                 farbss       000000
__Lfardata                                fardata      000000
__Lheap                                   heap         000000
__Libigdata                               ibigdata     000000
__Lidata                                  idata        000000
__LidataBANK5                             idataBANK5   000000
__Lidloc                                  idloc        000000
__Lifardata                               ifardata     000000
__Linit                                   init         01FFFC
__Lintsave_regs                           intsave_regs 000000
__Lirdata                                 irdata       000000
__Lmediumconst                            mediumconst  00FE64
__LnvBANK5                                nvBANK5      000000
__LnvFARRAM                               nvFARRAM     000000
__Lnvbit                                  nvbit        000000
__Lnvrram                                 nvrram       000000
__Lparam                                  rparam       000000
__Lpowerup                                powerup      000000
__Lram                                    ram          000000
__Lramtop                                 ramtop       002600
__Lrbit                                   rbit         000000
__Lrbss                                   rbss         000000
__Lrdata                                  rdata        000000
__Lreset_vec                              reset_vec    000000
__Lrparam                                 rparam       000000
__Lsfr                                    sfr          000000
__Lsmallconst                             smallconst   000000
__Lspace_0                                (abs)        000000
__Lspace_1                                (abs)        000000
__Lspace_2                                (abs)        000000
__Lspace_4                                (abs)        000000
__Lstack                                  stack        000000
__Lstruct                                 struct       000000
__Ltemp                                   temp         000000
__Ltext                                   text         000000
__Ltext0                                  text0        000000
__Ltext1                                  text1        000000
__Ltext10                                 text10       000000
__Ltext11                                 text11       000000
__Ltext12                                 text12       000000
__Ltext13                                 text13       000000
__Ltext14                                 text14       000000
__Ltext15                                 text15       000000
__Ltext16                                 text16       000000
__Ltext17                                 text17       000000
__Ltext18                                 text18       000000
__Ltext19                                 text19       000000
__Ltext2                                  text2        000000
__Ltext20                                 text20       000000
__Ltext21                                 text21       000000
__Ltext22                                 text22       000000
__Ltext23                                 text23       000000
__Ltext24                                 text24       000000
__Ltext25                                 text25       000000
__Ltext26                                 text26       000000
__Ltext27                                 text27       000000
__Ltext28                                 text28       000000
__Ltext29                                 text29       000000
__Ltext3                                  text3        000000
__Ltext30                                 text30       000000
__Ltext31                                 text31       000000
__Ltext32                                 text32       000000
__Ltext33                                 text33       000000
__Ltext34                                 text34       000000
__Ltext35                                 text35       000000
__Ltext36                                 text36       000000
__Ltext37                                 text37       000000
__Ltext38                                 text38       000000
__Ltext39                                 text39       000000
__Ltext4                                  text4        000000
__Ltext40                                 text40       000000
__Ltext41                                 text41       000000
__Ltext42                                 text42       000000
__Ltext43                                 text43       000000
__Ltext44                                 text44       000000
__Ltext45                                 text45       000000
__Ltext46                                 text46       000000
__Ltext47                                 text47       000000
__Ltext48                                 text48       000000
__Ltext49                                 text49       000000
__Ltext5                                  text5        000000
__Ltext50                                 text50       000000
__Ltext51                                 text51       000000
__Ltext6                                  text6        000000
__Ltext7                                  text7        000000
__Ltext8                                  text8        000000
__Ltext9                                  text9        000000
__S0                                      (abs)        020000
__S1                                      (abs)        0005DE
__S4                                      (abs)        000000
__S5                                      (abs)        000000
___awdiv                                  text25       010CFC
___awdiv@counter                          cstackCOMRAM 000505
___awdiv@dividend                         cstackCOMRAM 000501
___awdiv@divisor                          cstackCOMRAM 000503
___awdiv@quotient                         cstackCOMRAM 000507
___awdiv@sign                             cstackCOMRAM 000506
___awmod                                  text24       010DBE
___awmod@counter                          cstackCOMRAM 000505
___awmod@dividend                         cstackCOMRAM 000501
___awmod@divisor                          cstackCOMRAM 000503
___awmod@sign                             cstackCOMRAM 000506
___heap_hi                                (abs)        000000
___heap_lo                                (abs)        000000
___inthi_sp                               stack        000000
___inthi_stack_hi                         stack        000000
___inthi_stack_lo                         stack        000000
___intlo_sp                               stack        000000
___intlo_stack_hi                         stack        000000
___intlo_stack_lo                         stack        000000
___param_bank                             (abs)        000000
___rparam_used                            (abs)        000001
___sp                                     stack        000000
___stack_hi                               stack        000000
___stack_lo                               stack        000000
__accesstop                               (abs)        000560
__activetblptr                            (abs)        000003
__end_of_CLOCK_Initialize                 text51       01183C
__end_of_DELAY_microseconds               text7        011364
__end_of_DELAY_milliseconds               text43       0116B8
__end_of_INT0_SetInterruptHandler         text50       011886
__end_of_INT1_SetInterruptHandler         text49       011878
__end_of_INT2_SetInterruptHandler         text48       01186A
__end_of_INTERRUPT_Initialize             text47       011520
__end_of_Nrf24_SetSpeedDataRates          text38       01124C
__end_of_Nrf24_config                     text34       0111DE
__end_of_Nrf24_configRegister             text41       0117FA
__end_of_Nrf24_dataReady                  text33       011788
__end_of_Nrf24_flushRx                    text37       011892
__end_of_Nrf24_getCRCLength               text29       0112B4
__end_of_Nrf24_getData                    text32       011658
__end_of_Nrf24_getDataRate                text28       011408
__end_of_Nrf24_getPALevel                 text27       0117CA
__end_of_Nrf24_getRetransmitDelay         text26       0117E2
__end_of_Nrf24_getStatus                  text36       011828
__end_of_Nrf24_init                       text30       011710
__end_of_Nrf24_powerUpRx                  text35       0117AC
__end_of_Nrf24_printDetails               text8        010596
__end_of_Nrf24_print_address_register     text11       010F0E
__end_of_Nrf24_print_byte_register        text10       011312
__end_of_Nrf24_print_status               text9        011162
__end_of_Nrf24_readRegister               text39       011688
__end_of_Nrf24_setRADDR                   text4        0110E2
__end_of_Nrf24_setRetransmitDelay         text3        0116E4
__end_of_Nrf24_writeRegister              text5        011626
__end_of_PIN_MANAGER_Initialize           text46       011048
__end_of_SPI1_ByteExchange                text42       01173C
__end_of_SPI1_Initialize                  text45       011812
__end_of_SPI1_Open                        text31       010CFC
__end_of_SPI1_nrf24                       mediumconst  00FE8F
__end_of_SPI_read_buff                    text40       0115F4
__end_of_SPI_write_buff                   text6        01149C
__end_of_SYSTEM_Initialize                text44       01184E
__end_of___awdiv                          text25       010DBE
__end_of___awmod                          text24       010E6C
__end_of__initialization                  cinit        011586
__end_of_abs                              text23       0115C0
__end_of_dtoa                             text18       01070C
__end_of_fputc                            text21       010C32
__end_of_fputs                            text20       0114E0
__end_of_main                             text0        01185C
__end_of_memcpy                           text2        011458
__end_of_nrf_loop                         text1        010998
__end_of_pad                              text19       010FAC
__end_of_printf                           text12       011762
__end_of_putch                            text22       011894
__end_of_read_prec_or_width               text17       010B68
__end_of_rf24_crclength                   mediumconst  00FEB7
__end_of_spi1_configuration               mediumconst  00FE99
__end_of_stoa                             text16       010876
__end_of_vfpfcnvrt                        text14       010390
__end_of_vfprintf                         text13       0113B6
__end_of_xtoa                             text15       010A9C
__initialization                          cinit        011558
__mediumconst                             mediumconst  00FE64
__pbssBANK5                               bssBANK5     000598
__pbssCOMRAM                              bssCOMRAM    00055E
__pcinit                                  cinit        011558
__pcstackBANK5                            cstackBANK5  0005BC
__pcstackCOMRAM                           cstackCOMRAM 000501
__pdataBANK5                              dataBANK5    000560
__pidataBANK5                             idataBANK5   011520
__pmediumconst                            mediumconst  00FE64
__pnvBANK5                                nvBANK5      0005D5
__ptext0                                  text0        01184E
__ptext1                                  text1        010876
__ptext10                                 text10       0112B4
__ptext11                                 text11       010E6C
__ptext12                                 text12       01173C
__ptext13                                 text13       011364
__ptext14                                 text14       010000
__ptext15                                 text15       010998
__ptext16                                 text16       01070C
__ptext17                                 text17       010A9C
__ptext18                                 text18       010596
__ptext19                                 text19       010F0E
__ptext2                                  text2        011408
__ptext20                                 text20       01149C
__ptext21                                 text21       010B68
__ptext22                                 text22       011892
__ptext23                                 text23       01158C
__ptext24                                 text24       010DBE
__ptext25                                 text25       010CFC
__ptext26                                 text26       0117CA
__ptext27                                 text27       0117AC
__ptext28                                 text28       0113B6
__ptext29                                 text29       01124C
__ptext3                                  text3        0116B8
__ptext30                                 text30       0116E4
__ptext31                                 text31       010C32
__ptext32                                 text32       011626
__ptext33                                 text33       011762
__ptext34                                 text34       011162
__ptext35                                 text35       011788
__ptext36                                 text36       011812
__ptext37                                 text37       011886
__ptext38                                 text38       0111DE
__ptext39                                 text39       011658
__ptext4                                  text4        011048
__ptext40                                 text40       0115C0
__ptext41                                 text41       0117E2
__ptext42                                 text42       011710
__ptext43                                 text43       011688
__ptext44                                 text44       01183C
__ptext45                                 text45       0117FA
__ptext46                                 text46       010FAC
__ptext47                                 text47       0114E0
__ptext48                                 text48       01185C
__ptext49                                 text49       01186A
__ptext5                                  text5        0115F4
__ptext50                                 text50       011878
__ptext51                                 text51       011828
__ptext6                                  text6        011458
__ptext7                                  text7        011312
__ptext8                                  text8        010390
__ptext9                                  text9        0110E2
__ramtop                                  ramtop       002600
__smallconst                              smallconst   000000
_abs                                      text23       01158C
_dbuf                                     bssBANK5     00059C
_dtoa                                     text18       010596
_dtoa$1697                                cstackCOMRAM 00051E
_flags                                    bssCOMRAM    00055E
_fputc                                    text21       010B68
_fputs                                    text20       01149C
_main                                     text0        01184E
_memcpy                                   text2        011408
_nrf_loop                                 text1        010876
_pad                                      text19       010F0E
_prec                                     bssBANK5     00059A
_printf                                   text12       01173C
_putch                                    text22       011892
_read_prec_or_width                       text17       010A9C
_rf24_crclength                           mediumconst  00FE99
_rf24_datarates                           dataBANK5    000580
_rf24_pa_dbm                              dataBANK5    000560
_spi1_configuration                       mediumconst  00FE8F
_stoa                                     text16       01070C
_vfpfcnvrt                                text14       010000
_vfprintf                                 text13       011364
_width                                    bssBANK5     000598
_xtoa                                     text15       010998
abs@a                                     cstackCOMRAM 000507
dtoa@d                                    cstackCOMRAM 00051C
dtoa@fp                                   cstackCOMRAM 00051A
dtoa@i                                    cstackCOMRAM 000524
dtoa@p                                    cstackCOMRAM 000520
dtoa@s                                    cstackCOMRAM 000523
dtoa@w                                    cstackCOMRAM 000521
end_of_initialization                     cinit        011586
fputc@c                                   cstackCOMRAM 000501
fputc@fp                                  cstackCOMRAM 000503
fputs@c                                   cstackCOMRAM 00050E
fputs@fp                                  cstackCOMRAM 00050C
fputs@i                                   cstackCOMRAM 00050F
fputs@s                                   cstackCOMRAM 00050A
intlevel0                                 text         000000
intlevel1                                 text         000000
intlevel2                                 text         000000
intlevel3                                 text         000000
isa$std                                   (abs)        000001
isa$xinst                                 (abs)        000000
memcpy@d                                  cstackCOMRAM 000507
memcpy@d1                                 cstackCOMRAM 000501
memcpy@n                                  cstackCOMRAM 000505
memcpy@s                                  cstackCOMRAM 000509
memcpy@s1                                 cstackCOMRAM 000503
memcpy@tmp                                cstackCOMRAM 00050B
nrf_loop@buf                              cstackBANK5  0005C3
nrf_loop@dev                              cstackBANK5  0005D2
nrf_loop@msg                              cstackBANK5  0005CD
nrf_loop@ret                              cstackBANK5  0005CB
pad@buf                                   cstackCOMRAM 000513
pad@fp                                    cstackCOMRAM 000511
pad@i                                     cstackCOMRAM 000518
pad@p                                     cstackCOMRAM 000515
printf@ap                                 cstackCOMRAM 00054C
printf@fmt                                cstackCOMRAM 00053E
read_prec_or_width@ap                     cstackCOMRAM 000503
read_prec_or_width@c                      cstackCOMRAM 000507
read_prec_or_width@fmt                    cstackCOMRAM 000501
read_prec_or_width@n                      cstackCOMRAM 000508
stackhi                                   (abs)        000000
stacklo                                   (abs)        000000
start                                     init         01FFFC
start_initialization                      cinit        011558
stoa@cp                                   cstackCOMRAM 000514
stoa@fp                                   cstackCOMRAM 00050A
stoa@l                                    cstackCOMRAM 000516
stoa@p                                    cstackCOMRAM 000510
stoa@s                                    cstackCOMRAM 00050C
stoa@w                                    cstackCOMRAM 000512
vfpfcnvrt@ap                              cstackCOMRAM 00052B
vfpfcnvrt@convarg                         cstackCOMRAM 00052F
vfpfcnvrt@cp                              cstackCOMRAM 000534
vfpfcnvrt@done                            cstackCOMRAM 000533
vfpfcnvrt@fmt                             cstackCOMRAM 000529
vfpfcnvrt@fp                              cstackCOMRAM 000527
vfprintf@ap                               cstackCOMRAM 00053A
vfprintf@cfmt                             cstackCOMRAM 00053C
vfprintf@fmt                              cstackCOMRAM 000538
vfprintf@fp                               cstackCOMRAM 000536
xtoa@c                                    cstackCOMRAM 000524
xtoa@d                                    cstackCOMRAM 00051C
xtoa@fp                                   cstackCOMRAM 00051A
xtoa@i                                    cstackCOMRAM 000525
xtoa@p                                    cstackCOMRAM 000521
xtoa@w                                    cstackCOMRAM 000522


MODULE INFORMATION

Module		Function		Class		Link	Load	Size
C:\Program Files\Microchip\xc8\v2.50\pic\sources\c99\common\memcpy.c
		_memcpy        		CODE           	11408	0000	80

C:\Program Files\Microchip\xc8\v2.50\pic\sources\c99\common\memcpy.c estimated size: 80

C:\Program Files\Microchip\xc8\v2.50\pic\sources\c99\common\nf_fputs.c
		_fputs         		CODE           	1149C	0000	68

C:\Program Files\Microchip\xc8\v2.50\pic\sources\c99\common\nf_fputs.c estimated size: 68

C:\Program Files\Microchip\xc8\v2.50\pic\sources\c99\common\printf.c
		_printf        		CODE           	1173C	0000	38

C:\Program Files\Microchip\xc8\v2.50\pic\sources\c99\common\printf.c estimated size: 38

mcc_generated_files/system/src/interrupt.c
		_INT0_SetInterruptHandler		CODE           	11878	0000	14
		_INT1_SetInterruptHandler		CODE           	1186A	0000	14
		_INT2_SetInterruptHandler		CODE           	1185C	0000	14
		_INTERRUPT_Initialize		CODE           	114E0	0000	64

mcc_generated_files/system/src/interrupt.c estimated size: 106

C:\Program Files\Microchip\xc8\v2.50\pic\sources\c99\common\awmod.c
		___awmod       		CODE           	10DBE	0000	174

C:\Program Files\Microchip\xc8\v2.50\pic\sources\c99\common\awmod.c estimated size: 174

C:\Program Files\Microchip\xc8\v2.50\pic\sources\c99\common\putch.c
		_putch         		CODE           	11892	0000	2

C:\Program Files\Microchip\xc8\v2.50\pic\sources\c99\common\putch.c estimated size: 2

C:\Program Files\Microchip\xc8\v2.50\pic\sources\c99\common\abs.c
		_abs           		CODE           	1158C	0000	52

C:\Program Files\Microchip\xc8\v2.50\pic\sources\c99\common\abs.c estimated size: 52

mcc_generated_files/system/src/pins.c
		_PIN_MANAGER_Initialize		CODE           	10FAC	0000	156

mcc_generated_files/system/src/pins.c estimated size: 156

mcc_generated_files/timer/src/delay.c
		_DELAY_milliseconds		CODE           	11688	0000	48
		_DELAY_microseconds		CODE           	11312	0000	82

mcc_generated_files/timer/src/delay.c estimated size: 130

C:\Program Files\Microchip\xc8\v2.50\pic\sources\c99\common\nf_fputc.c
		_fputc         		CODE           	10B68	0000	202

C:\Program Files\Microchip\xc8\v2.50\pic\sources\c99\common\nf_fputc.c estimated size: 202

shared
		_rf24_crclength		MEDIUMCONST    	FE99	0000	30
		__initialization		CODE           	11558	0000	46
		_SPI1_nrf24    		MEDIUMCONST    	FE65	0000	42
		_spi1_configuration		MEDIUMCONST    	FE8F	0000	10

shared estimated size: 128

mirf.c
		_Nrf24_writeRegister		CODE           	115F4	0000	50
		_Nrf24_dataReady		CODE           	11762	0000	38
		_Nrf24_getCRCLength		CODE           	1124C	0000	104
		_Nrf24_getStatus		CODE           	11812	0000	22
		_SPI_write_buff		CODE           	11458	0000	68
		_SPI_read_buff 		CODE           	115C0	0000	52
		_Nrf24_getRetransmitDelay		CODE           	117CA	0000	24
		_Nrf24_powerUpRx		CODE           	11788	0000	36
		_Nrf24_printDetails		CODE           	10390	0000	518
		_Nrf24_setRetransmitDelay		CODE           	116B8	0000	44
		_Nrf24_print_status		CODE           	110E2	0000	128
		_Nrf24_getPALevel		CODE           	117AC	0000	30
		_Nrf24_getData 		CODE           	11626	0000	50
		_Nrf24_getDataRate		CODE           	113B6	0000	82
		_Nrf24_configRegister		CODE           	117E2	0000	24
		_Nrf24_SetSpeedDataRates		CODE           	111DE	0000	110
		_Nrf24_print_address_register		CODE           	10E6C	0000	162
		_Nrf24_readRegister		CODE           	11658	0000	48
		_Nrf24_config  		CODE           	11162	0000	124
		_Nrf24_init    		CODE           	116E4	0000	44
		_Nrf24_print_byte_register		CODE           	112B4	0000	94
		_Nrf24_flushRx 		CODE           	11886	0000	12
		_Nrf24_setRADDR		CODE           	11048	0000	154

mirf.c estimated size: 2018

C:\Program Files\Microchip\xc8\v2.50\pic\sources\c99\common\awdiv.c
		___awdiv       		CODE           	10CFC	0000	194

C:\Program Files\Microchip\xc8\v2.50\pic\sources\c99\common\awdiv.c estimated size: 194

C:\Program Files\Microchip\xc8\v2.50\pic\sources\c99\common\doprnt.c
		_read_prec_or_width		CODE           	10A9C	0000	204
		_vfpfcnvrt     		CODE           	10000	0000	912
		_pad           		CODE           	10F0E	0000	158
		_dtoa          		CODE           	10596	0000	374
		_vfprintf      		CODE           	11364	0000	82
		_stoa          		CODE           	1070C	0000	362
		_xtoa          		CODE           	10998	0000	260

C:\Program Files\Microchip\xc8\v2.50\pic\sources\c99\common\doprnt.c estimated size: 2352

mcc_generated_files/system/src/clock.c
		_CLOCK_Initialize		CODE           	11828	0000	20

mcc_generated_files/system/src/clock.c estimated size: 20

main.c
		_main          		CODE           	1184E	0000	14
		_nrf_loop      		CODE           	10876	0000	290

main.c estimated size: 304

mcc_generated_files/system/src/system.c
		_SYSTEM_Initialize		CODE           	1183C	0000	18

mcc_generated_files/system/src/system.c estimated size: 18

mcc_generated_files/spi/src/spi1.c
		_SPI1_ByteExchange		CODE           	11710	0000	44
		_SPI1_Open     		CODE           	10C32	0000	202
		_SPI1_Initialize		CODE           	117FA	0000	24

mcc_generated_files/spi/src/spi1.c estimated size: 270

