Microchip MPLAB XC8 Compiler V3.00

Linker command line:

-W-3 \
  --edf=C:\Program Files\Microchip\xc8\v3.00\pic\dat\20241204225717_en.msgs \
  -cn -h+dist/default/production\pic_core.X.production.sym \
  --cmf=dist/default/production\pic_core.X.production.cmf -z -Q18F57Q43 \
  -oC:\Users\hugof\AppData\Local\Temp\xcAsvsc.\driver_tmp_3.o \
  --defsym=__MPLAB_BUILD=1 --fixupoverflow=error \
  -Mdist/default/production/pic_core.X.production.map \
  --md=C:\Users\hugof\AppData\Local\Temp\xcAsvsc.\driver_tmp_0.dat -E1 \
  -ver=XC8 Compiler -ACODE=00h-01FFFFh -ACONST=00h-01FFFFh \
  -ASMALLCONST=02600h-026FFhx218,012600h-0126FFhx218 \
  -AMEDIUMCONST=02600h-0FFFFh,012600h-01FFFFh -ACOMRAM=0501h-055Fh \
  -AABS1=0500h-024FFh -ABIGRAM=0501h-024FFh \
  -ARAM=0560h-05FFh,0600h-06FFhx31 -ABANK5=0560h-05FFh -ABANK6=0600h-06FFh \
  -ABANK7=0700h-07FFh -ABANK8=0800h-08FFh -ABANK9=0900h-09FFh \
  -ABANK10=0A00h-0AFFh -ABANK11=0B00h-0BFFh -ABANK12=0C00h-0CFFh \
  -ABANK13=0D00h-0DFFh -ABANK14=0E00h-0EFFh -ABANK15=0F00h-0FFFh \
  -ABANK16=01000h-010FFh -ABANK17=01100h-011FFh -ABANK18=01200h-012FFh \
  -ABANK19=01300h-013FFh -ABANK20=01400h-014FFh -ABANK21=01500h-015FFh \
  -ABANK22=01600h-016FFh -ABANK23=01700h-017FFh -ABANK24=01800h-018FFh \
  -ABANK25=01900h-019FFh -ABANK26=01A00h-01AFFh -ABANK27=01B00h-01BFFh \
  -ABANK28=01C00h-01CFFh -ABANK29=01D00h-01DFFh -ABANK30=01E00h-01EFFh \
  -ABANK31=01F00h-01FFFh -ABANK32=02000h-020FFh -ABANK33=02100h-021FFh \
  -ABANK34=02200h-022FFh -ABANK35=02300h-023FFh -ABANK36=02400h-024FFh \
  -ASFR=00h-0FFhx4,0400h-045Fh,0460h-04FFh,02500h-025FFh \
  -ABIGSFR=00h-04FFh,02500h-025FFh -ACONFIG=0300000h-0300011h \
  -AIDLOC=0200000h-020003Fh -AEEDATA=0380000h-03803FFh -peeprom_data=EEDATA \
  -preset_vec=00h -ppowerup=CODE,init -pramtop=02600h \
  -psmallconst=SMALLCONST -pmediumconst=MEDIUMCONST -pconst=CONST \
  -AFARRAM=00h-00h \
  -prdata=COMRAM,nvrram=COMRAM,nvbit=COMRAM,rbss=COMRAM,rbit=COMRAM \
  -pfarbss=FARRAM,fardata=FARRAM,nvFARRAM=FARRAM \
  -pintsave_regs=BIGRAM,bigbss=BIGRAM,bigdata=BIGRAM -pbss=RAM \
  -pidata=CODE,irdata=CODE,ibigdata=CODE,ifardata=CODE -prparam=COMRAM \
  C:\Users\hugof\AppData\Local\Temp\xcAsvsc.\driver_tmp_14.o \
  dist/default/production\pic_core.X.production.o 

Object code version is 3.11

Machine type is 18F57Q43



                Name                               Link     Load   Length Selector   Space Scale
C:\Users\hugof\AppData\Local\Temp\xcAsvsc.\driver_tmp_14.o
                idloc                            200000   200000       40        0       5
                config                           300000   300000        A        0       4
                init                              1FFFC    1FFFC        4     FFFE       0
                reset_vec                             0        0        4        0       0
dist/default/production\pic_core.X.production.o
                idloc                            200000   200000       40        0       5
                config                           300000   300000        A        0       4
                mediumconst                        FE64     FE64      19C     7F32       0
                text70                            12A2C    12A2C       1C     8000       0
                text69                            10000    10000      4B6     8000       0
                text68                            10C6C    10C6C      390     8000       0
                text67                            11A66    11A66      104     8000       0
                text66                            104B6    104B6      426     8000       0
                text65                            1185C    1185C      106     8000       0
                text64                            113C8    113C8      1B4     8000       0
                text63                            11202    11202      1C6     8000       0
                text62                            12B6C    12B6C        4     8000       0
                text61                            12B62    12B62        A     8000       0
                text60                            128CC    128CC       2E     8000       0
                text59                            1283A    1283A       32     8000       0
                text58                            12808    12808       32     8000       0
                text57                            12AD0    12AD0       14     8000       0
                text56                            12B48    12B48        E     8000       0
                text55                            12B3A    12B3A        E     8000       0
                text54                            12B2C    12B2C        E     8000       0
                text53                            12690    12690       40     8000       0
                text52                            11FFC    11FFC       A4     8000       0
                text51                            12A78    12A78       18     8000       0
                text50                            12B1E    12B1E        E     8000       0
                text49                            12B10    12B10        E     8000       0
                text48                            12B02    12B02        E     8000       0
                text47                            1244C    1244C       68     8000       0
                text46                            12AA6    12AA6       16     8000       0
                text45                            1289C    1289C       30     8000       0
                text44                            12952    12952       2C     8000       0
                text43                            12A60    12A60       18     8000       0
                text42                            12770    12770       34     8000       0
                text41                            1286C    1286C       30     8000       0
                text40                            12376    12376       6E     8000       0
                text39                            12B56    12B56        C     8000       0
                text38                            12A90    12A90       16     8000       0
                text37                            129CA    129CA       24     8000       0
                text36                            122FA    122FA       7C     8000       0
                text35                            129A4    129A4       26     8000       0
                text34                            127D6    127D6       32     8000       0
                text33                            11D00    11D00       CA     8000       0
                text32                            12926    12926       2C     8000       0
                text31                            123E4    123E4       68     8000       0
                text30                            125B6    125B6       52     8000       0
                text29                            12A0E    12A0E       1E     8000       0
                text28                            12A48    12A48       18     8000       0
                text27                            11E8C    11E8C       C2     8000       0
                text26                            11F4E    11F4E       AE     8000       0
                text25                            1273C    1273C       34     8000       0
                text24                            12B70    12B70        2     8000       0
                text23                            11C36    11C36       CA     8000       0
                text22                            1264C    1264C       44     8000       0
                text21                            12142    12142       9E     8000       0
                text20                            1157C    1157C      176     8000       0
                text19                            11B6A    11B6A       CC     8000       0
                text18                            116F2    116F2      16A     8000       0
                text17                            11962    11962      104     8000       0
                text16                            108DC    108DC      390     8000       0
                text15                            12564    12564       52     8000       0
                text14                            1297E    1297E       26     8000       0
                text13                            120A0    120A0       A2     8000       0
                text12                            124B4    124B4       5E     8000       0
                text11                            1227A    1227A       80     8000       0
                text10                            10FFC    10FFC      206     8000       0
                text9                             12512    12512       52     8000       0
                text8                             12608    12608       44     8000       0
                text7                             127A4    127A4       32     8000       0
                text6                             121E0    121E0       9A     8000       0
                text5                             128FA    128FA       2C     8000       0
                text4                             11DCA    11DCA       C2     8000       0
                text3                             12ABC    12ABC       14     8000       0
                text2                             12AF4    12AF4        E     8000       0
                text1                             129EE    129EE       20     8000       0
                text0                             12AE4    12AE4       10     8000       0
                cstackCOMRAM                        501      501       5E      501       1
                cstackBANK5                         5D4      5D4       11      560       1
                dataBANK5                           560      560       38      560       1
                bssBANK5                            598      598       2A      560       1
                bssCOMRAM                           55F      55F        1      501       1
                cinit                             12708    12708       34     8000       0
                nvBANK5                             5C2      5C2       12      560       1
                idataBANK5                        126D0    126D0       38     8000       0

TOTAL           Name                               Link     Load   Length     Space
        CLASS   CODE           
                init                              1FFFC    1FFFC        4         0
                reset_vec                             0        0        4         0
                text70                            12A2C    12A2C       1C         0
                text69                            10000    10000      4B6         0
                text68                            10C6C    10C6C      390         0
                text67                            11A66    11A66      104         0
                text66                            104B6    104B6      426         0
                text65                            1185C    1185C      106         0
                text64                            113C8    113C8      1B4         0
                text63                            11202    11202      1C6         0
                text62                            12B6C    12B6C        4         0
                text61                            12B62    12B62        A         0
                text60                            128CC    128CC       2E         0
                text59                            1283A    1283A       32         0
                text58                            12808    12808       32         0
                text57                            12AD0    12AD0       14         0
                text56                            12B48    12B48        E         0
                text55                            12B3A    12B3A        E         0
                text54                            12B2C    12B2C        E         0
                text53                            12690    12690       40         0
                text52                            11FFC    11FFC       A4         0
                text51                            12A78    12A78       18         0
                text50                            12B1E    12B1E        E         0
                text49                            12B10    12B10        E         0
                text48                            12B02    12B02        E         0
                text47                            1244C    1244C       68         0
                text46                            12AA6    12AA6       16         0
                text45                            1289C    1289C       30         0
                text44                            12952    12952       2C         0
                text43                            12A60    12A60       18         0
                text42                            12770    12770       34         0
                text41                            1286C    1286C       30         0
                text40                            12376    12376       6E         0
                text39                            12B56    12B56        C         0
                text38                            12A90    12A90       16         0
                text37                            129CA    129CA       24         0
                text36                            122FA    122FA       7C         0
                text35                            129A4    129A4       26         0
                text34                            127D6    127D6       32         0
                text33                            11D00    11D00       CA         0
                text32                            12926    12926       2C         0
                text31                            123E4    123E4       68         0
                text30                            125B6    125B6       52         0
                text29                            12A0E    12A0E       1E         0
                text28                            12A48    12A48       18         0
                text27                            11E8C    11E8C       C2         0
                text26                            11F4E    11F4E       AE         0
                text25                            1273C    1273C       34         0
                text24                            12B70    12B70        2         0
                text23                            11C36    11C36       CA         0
                text22                            1264C    1264C       44         0
                text21                            12142    12142       9E         0
                text20                            1157C    1157C      176         0
                text19                            11B6A    11B6A       CC         0
                text18                            116F2    116F2      16A         0
                text17                            11962    11962      104         0
                text16                            108DC    108DC      390         0
                text15                            12564    12564       52         0
                text14                            1297E    1297E       26         0
                text13                            120A0    120A0       A2         0
                text12                            124B4    124B4       5E         0
                text11                            1227A    1227A       80         0
                text10                            10FFC    10FFC      206         0
                text9                             12512    12512       52         0
                text8                             12608    12608       44         0
                text7                             127A4    127A4       32         0
                text6                             121E0    121E0       9A         0
                text5                             128FA    128FA       2C         0
                text4                             11DCA    11DCA       C2         0
                text3                             12ABC    12ABC       14         0
                text2                             12AF4    12AF4        E         0
                text1                             129EE    129EE       20         0
                text0                             12AE4    12AE4       10         0
                cinit                             12708    12708       34         0
                idataBANK5                        126D0    126D0       38         0

        CLASS   CONST          

        CLASS   SMALLCONST     

        CLASS   MEDIUMCONST    
                mediumconst                        FE64     FE64      19C         0

        CLASS   COMRAM         
                cstackCOMRAM                        501      501       5E         1
                bssCOMRAM                           55F      55F        1         1

        CLASS   ABS1           

        CLASS   BIGRAM         

        CLASS   RAM            

        CLASS   BANK5          
                cstackBANK5                         5D4      5D4       11         1
                dataBANK5                           560      560       38         1
                bssBANK5                            598      598       2A         1
                nvBANK5                             5C2      5C2       12         1

        CLASS   BANK6          

        CLASS   BANK7          

        CLASS   BANK8          

        CLASS   BANK9          

        CLASS   BANK10         

        CLASS   BANK11         

        CLASS   BANK12         

        CLASS   BANK13         

        CLASS   BANK14         

        CLASS   BANK15         

        CLASS   BANK16         

        CLASS   BANK17         

        CLASS   BANK18         

        CLASS   BANK19         

        CLASS   BANK20         

        CLASS   BANK21         

        CLASS   BANK22         

        CLASS   BANK23         

        CLASS   BANK24         

        CLASS   BANK25         

        CLASS   BANK26         

        CLASS   BANK27         

        CLASS   BANK28         

        CLASS   BANK29         

        CLASS   BANK30         

        CLASS   BANK31         

        CLASS   BANK32         

        CLASS   BANK33         

        CLASS   BANK34         

        CLASS   BANK35         

        CLASS   BANK36         

        CLASS   SFR            

        CLASS   BIGSFR         

        CLASS   CONFIG         
                config                           300000   300000        A         4

        CLASS   IDLOC          
                idloc                            200000   200000       40         5

        CLASS   EEDATA         

        CLASS   FARRAM         

        CLASS   HEAP           

        CLASS   STACK          



SEGMENTS        Name                           Load    Length   Top    Selector   Space  Class

                reset_vec                      000000  000004  000004         0       0  CODE    
                cstackCOMRAM                   000501  00005F  000560       501       1  COMRAM  
                dataBANK5                      000560  000085  0005E5       560       1  BANK5   
                mediumconst                    00FE64  00019C  010000      7F32       0  MEDIUMCO
                text69                         010000  002B72  012B72      8000       0  CODE    
                init                           01FFFC  000004  020000      FFFE       0  CODE    


UNUSED ADDRESS RANGES

        Name                Unused          Largest block    Delta
        BANK10           000A00-000AFF              100
        BANK11           000B00-000BFF              100
        BANK12           000C00-000CFF              100
        BANK13           000D00-000DFF              100
        BANK14           000E00-000EFF              100
        BANK15           000F00-000FFF              100
        BANK16           001000-0010FF              100
        BANK17           001100-0011FF              100
        BANK18           001200-0012FF              100
        BANK19           001300-0013FF              100
        BANK20           001400-0014FF              100
        BANK21           001500-0015FF              100
        BANK22           001600-0016FF              100
        BANK23           001700-0017FF              100
        BANK24           001800-0018FF              100
        BANK25           001900-0019FF              100
        BANK26           001A00-001AFF              100
        BANK27           001B00-001BFF              100
        BANK28           001C00-001CFF              100
        BANK29           001D00-001DFF              100
        BANK30           001E00-001EFF              100
        BANK31           001F00-001FFF              100
        BANK32           002000-0020FF              100
        BANK33           002100-0021FF              100
        BANK34           002200-0022FF              100
        BANK35           002300-0023FF              100
        BANK36           002400-0024FF              100
        BANK5            0005E5-0005FF               1B
        BANK6            000600-0006FF              100
        BANK7            000700-0007FF              100
        BANK8            000800-0008FF              100
        BANK9            000900-0009FF              100
        BIGRAM           0005E5-0024FF             1F1B
        BIGSFR           000000-0004FF              500
                         002500-0025FF              100
        CODE             000004-00FE63             FE60
                         012B72-01FFFB             D48A
        CONFIG           30000A-300011                8
        CONST            000004-00FE63             FE60
                         012B72-01FFFB             D48A
        EEDATA           380000-3803FF              400
        MEDIUMCONST      002600-00FE63             D864
                         012B72-01FFFB             D48A
        RAM              0005E5-0024FF              100
        SFR              000000-0004FF              100
                         002500-0025FF              100
        SMALLCONST       002600-00FE63              100
                         012B72-01FFFB              100

                                  Symbol Table

?_Nrf24_setRADDR                                            cstackCOMRAM 00050B
?___awdiv                                                   cstackCOMRAM 000501
?___awmod                                                   cstackCOMRAM 000501
?___fladd                                                   cstackCOMRAM 000541
?___fldiv                                                   cstackCOMRAM 00050F
?___flmul                                                   cstackCOMRAM 000528
?___fltol                                                   cstackCOMRAM 000551
?___xxtofl                                                  cstackCOMRAM 000501
?_abs                                                       cstackCOMRAM 000507
?_lerp_duty                                                 cstackCOMRAM 00055B
?_printf                                                    cstackCOMRAM 00053E
?_read_prec_or_width                                        cstackCOMRAM 000501
?_vfprintf                                                  cstackCOMRAM 000536
DELAY_microseconds@microseconds                             cstackCOMRAM 000501
DELAY_milliseconds@milliseconds                             cstackCOMRAM 000501
INT0_SetInterruptHandler@InterruptHandler                   cstackCOMRAM 000501
INT1_SetInterruptHandler@InterruptHandler                   cstackCOMRAM 000501
INT2_SetInterruptHandler@InterruptHandler                   cstackCOMRAM 000501
Nrf24_SetSpeedDataRates@dev                                 cstackCOMRAM 00050B
Nrf24_SetSpeedDataRates@val                                 cstackCOMRAM 00050D
Nrf24_SetSpeedDataRates@value                               cstackCOMRAM 00050E
Nrf24_config@channel                                        cstackCOMRAM 000510
Nrf24_config@dev                                            cstackCOMRAM 00050E
Nrf24_config@payload                                        cstackCOMRAM 000511
Nrf24_configRegister@reg                                    cstackCOMRAM 000504
Nrf24_configRegister@value                                  cstackCOMRAM 000503
Nrf24_dataReady@dev                                         cstackCOMRAM 00050E
Nrf24_dataReady@status                                      cstackCOMRAM 000510
Nrf24_flushRx@dev                                           cstackCOMRAM 000503
Nrf24_getCRCLength@AA                                       cstackCOMRAM 00050E
Nrf24_getCRCLength@config                                   cstackCOMRAM 00050F
Nrf24_getCRCLength@dev                                      cstackCOMRAM 00050B
Nrf24_getCRCLength@result                                   cstackCOMRAM 00050D
Nrf24_getData@data                                          cstackCOMRAM 000509
Nrf24_getData@dev                                           cstackCOMRAM 000507
Nrf24_getDataRate@dev                                       cstackCOMRAM 00050B
Nrf24_getDataRate@dr                                        cstackCOMRAM 00050E
Nrf24_getDataRate@result                                    cstackCOMRAM 00050D
Nrf24_getPALevel@dev                                        cstackCOMRAM 00050B
Nrf24_getPALevel@level                                      cstackCOMRAM 00050D
Nrf24_getRetransmitDelay@dev                                cstackCOMRAM 00050B
Nrf24_getRetransmitDelay@value                              cstackCOMRAM 00050D
Nrf24_getStatus@dev                                         cstackCOMRAM 00050B
Nrf24_getStatus@rv                                          cstackCOMRAM 00050D
Nrf24_init@dev                                              cstackCOMRAM 000502
Nrf24_powerUpRx@dev                                         cstackCOMRAM 000505
Nrf24_printDetails@delay                                    cstackBANK5  0005D8
Nrf24_printDetails@dev                                      cstackCOMRAM 00055C
Nrf24_printDetails@retransmit                               cstackBANK5  0005DA
Nrf24_print_address_register@buffer                         cstackCOMRAM 000555
Nrf24_print_address_register@dev                            cstackCOMRAM 00054E
Nrf24_print_address_register@i                              cstackCOMRAM 00055A
Nrf24_print_address_register@name                           cstackCOMRAM 000550
Nrf24_print_address_register@qty                            cstackCOMRAM 000553
Nrf24_print_address_register@reg                            cstackCOMRAM 000552
Nrf24_print_byte_register@buffer                            cstackCOMRAM 000554
Nrf24_print_byte_register@dev                               cstackCOMRAM 00054E
Nrf24_print_byte_register@name                              cstackCOMRAM 000550
Nrf24_print_byte_register@qty                               cstackCOMRAM 000553
Nrf24_print_byte_register@reg                               cstackCOMRAM 000552
Nrf24_print_status@status                                   cstackCOMRAM 00054F
Nrf24_readRegister@len                                      cstackCOMRAM 000509
Nrf24_readRegister@reg                                      cstackCOMRAM 00050A
Nrf24_readRegister@value                                    cstackCOMRAM 000507
Nrf24_setRADDR@adr                                          cstackCOMRAM 00050D
Nrf24_setRADDR@buffer                                       cstackCOMRAM 000512
Nrf24_setRADDR@dev                                          cstackCOMRAM 00050B
Nrf24_setRADDR@i                                            cstackCOMRAM 000519
Nrf24_setRADDR@ret                                          cstackCOMRAM 000517
Nrf24_setRetransmitDelay@dev                                cstackCOMRAM 00050B
Nrf24_setRetransmitDelay@val                                cstackCOMRAM 00050D
Nrf24_setRetransmitDelay@value                              cstackCOMRAM 00050E
Nrf24_writeRegister@len                                     cstackCOMRAM 000509
Nrf24_writeRegister@reg                                     cstackCOMRAM 00050A
Nrf24_writeRegister@value                                   cstackCOMRAM 000507
SPI1_ByteExchange@byteData                                  cstackCOMRAM 000501
SPI1_ByteExchange@returnValue                               cstackCOMRAM 000502
SPI1_Open@spiConfigIndex                                    cstackCOMRAM 000501
SPI_read_buff@buffer                                        cstackCOMRAM 000503
SPI_read_buff@bytes                                         cstackCOMRAM 000505
SPI_read_buff@i                                             cstackCOMRAM 000506
SPI_write_buff@buffer                                       cstackCOMRAM 000503
SPI_write_buff@bytes                                        cstackCOMRAM 000505
SPI_write_buff@i                                            cstackCOMRAM 000506
_ACTCON                                                     (abs)        0000AC
_ANSELA                                                     (abs)        000400
_ANSELB                                                     (abs)        000408
_ANSELC                                                     (abs)        000410
_ANSELD                                                     (abs)        000418
_ANSELE                                                     (abs)        000420
_ANSELF                                                     (abs)        000428
_CLOCK_Initialize                                           text57       012AD0
_DELAY_microseconds                                         text9        012512
_DELAY_milliseconds                                         text45       01289C
_INLVLA                                                     (abs)        000404
_INLVLB                                                     (abs)        00040C
_INLVLC                                                     (abs)        000414
_INLVLD                                                     (abs)        00041C
_INLVLE                                                     (abs)        000424
_INLVLF                                                     (abs)        00042C
_INT0_DefaultInterruptHandler                               (abs)        000000
_INT0_InterruptHandler                                      nvBANK5      0005C8
_INT0_SetInterruptHandler                                   text56       012B48
_INT1_DefaultInterruptHandler                               (abs)        000000
_INT1_InterruptHandler                                      nvBANK5      0005C5
_INT1_SetInterruptHandler                                   text55       012B3A
_INT2_DefaultInterruptHandler                               (abs)        000000
_INT2_InterruptHandler                                      nvBANK5      0005C2
_INT2_SetInterruptHandler                                   text54       012B2C
_INTCON0bits                                                (abs)        0004D6
_INTERRUPT_Initialize                                       text53       012690
_IOCAF                                                      (abs)        000407
_IOCAN                                                      (abs)        000406
_IOCAP                                                      (abs)        000405
_IOCBF                                                      (abs)        00040F
_IOCBN                                                      (abs)        00040E
_IOCBP                                                      (abs)        00040D
_IOCCF                                                      (abs)        000417
_IOCCN                                                      (abs)        000416
_IOCCP                                                      (abs)        000415
_IOCEF                                                      (abs)        000427
_IOCEN                                                      (abs)        000426
_IOCEP                                                      (abs)        000425
_LATA                                                       (abs)        0004BE
_LATB                                                       (abs)        0004BF
_LATC                                                       (abs)        0004C0
_LATCbits                                                   (abs)        0004C0
_LATD                                                       (abs)        0004C1
_LATDbits                                                   (abs)        0004C1
_LATE                                                       (abs)        0004C2
_LATF                                                       (abs)        0004C3
_Nrf24_SetSpeedDataRates                                    text40       012376
_Nrf24_config                                               text36       0122FA
_Nrf24_configRegister                                       text43       012A60
_Nrf24_dataReady                                            text35       0129A4
_Nrf24_flushRx                                              text39       012B56
_Nrf24_getCRCLength                                         text31       0123E4
_Nrf24_getData                                              text34       0127D6
_Nrf24_getDataRate                                          text30       0125B6
_Nrf24_getPALevel                                           text29       012A0E
_Nrf24_getRetransmitDelay                                   text28       012A48
_Nrf24_getStatus                                            text38       012A90
_Nrf24_init                                                 text32       012926
_Nrf24_powerUpRx                                            text37       0129CA
_Nrf24_printDetails                                         text10       010FFC
_Nrf24_print_address_register                               text13       0120A0
_Nrf24_print_byte_register                                  text12       0124B4
_Nrf24_print_status                                         text11       01227A
_Nrf24_readRegister                                         text41       01286C
_Nrf24_setRADDR                                             text6        0121E0
_Nrf24_setRetransmitDelay                                   text5        0128FA
_Nrf24_writeRegister                                        text7        0127A4
_ODCONA                                                     (abs)        000402
_ODCONB                                                     (abs)        00040A
_ODCONC                                                     (abs)        000412
_ODCOND                                                     (abs)        00041A
_ODCONE                                                     (abs)        000422
_ODCONF                                                     (abs)        00042A
_OSCCON1                                                    (abs)        0000AD
_OSCCON3                                                    (abs)        0000AF
_OSCEN                                                      (abs)        0000B3
_OSCFRQ                                                     (abs)        0000B1
_OSCTUNE                                                    (abs)        0000B0
_PCON0                                                      (abs)        0004F0
_PIE3bits                                                   (abs)        0004A1
_PIE4bits                                                   (abs)        0004A2
_PIN_MANAGER_Initialize                                     text52       011FFC
_PIR10bits                                                  (abs)        0004B8
_PIR1bits                                                   (abs)        0004AF
_PIR3bits                                                   (abs)        0004B1
_PIR4bits                                                   (abs)        0004B2
_PIR6bits                                                   (abs)        0004B4
_PWM1CLK                                                    (abs)        000461
_PWM1CON                                                    (abs)        000469
_PWM1CONbits                                                (abs)        000469
_PWM1CPRE                                                   (abs)        000465
_PWM1ERS                                                    (abs)        000460
_PWM1GIE                                                    (abs)        000468
_PWM1GIEbits                                                (abs)        000468
_PWM1GIR                                                    (abs)        000467
_PWM1GIRbits                                                (abs)        000467
_PWM1LDS                                                    (abs)        000462
_PWM1PIPOS                                                  (abs)        000466
_PWM1PRH                                                    (abs)        000464
_PWM1PRL                                                    (abs)        000463
_PWM1S1CFG                                                  (abs)        00046A
_PWM1S1P1H                                                  (abs)        00046C
_PWM1S1P1L                                                  (abs)        00046B
_PWM1S1P2H                                                  (abs)        00046E
_PWM1S1P2L                                                  (abs)        00046D
_RB1I2C                                                     (abs)        000289
_RB1PPS                                                     (abs)        00020A
_RB2I2C                                                     (abs)        000288
_RC3I2C                                                     (abs)        000287
_RC4I2C                                                     (abs)        000286
_RC6PPS                                                     (abs)        000217
_RF0PPS                                                     (abs)        000229
_SLRCONA                                                    (abs)        000403
_SLRCONB                                                    (abs)        00040B
_SLRCONC                                                    (abs)        000413
_SLRCOND                                                    (abs)        00041B
_SLRCONE                                                    (abs)        000423
_SLRCONF                                                    (abs)        00042B
_SPI1BAUD                                                   (abs)        000089
_SPI1CLK                                                    (abs)        00008C
_SPI1CON0                                                   (abs)        000084
_SPI1CON0bits                                               (abs)        000084
_SPI1CON1                                                   (abs)        000085
_SPI1CON2                                                   (abs)        000086
_SPI1INTFbits                                               (abs)        00008A
_SPI1RXB                                                    (abs)        000080
_SPI1SCKPPS                                                 (abs)        00026A
_SPI1SDIPPS                                                 (abs)        00026B
_SPI1STATUSbits                                             (abs)        000087
_SPI1TCNTH                                                  (abs)        000083
_SPI1TCNTL                                                  (abs)        000082
_SPI1TXB                                                    (abs)        000081
_SPI1_BufferExchange                                        (abs)        000000
_SPI1_BufferRead                                            (abs)        000000
_SPI1_BufferWrite                                           (abs)        000000
_SPI1_ByteExchange                                          text44       012952
_SPI1_ByteRead                                              (abs)        000000
_SPI1_ByteWrite                                             (abs)        000000
_SPI1_Close                                                 (abs)        000000
_SPI1_Deinitialize                                          (abs)        000000
_SPI1_Initialize                                            text51       012A78
_SPI1_IsRxReady                                             (abs)        000000
_SPI1_IsTxReady                                             (abs)        000000
_SPI1_Open                                                  text33       011D00
_SPI1_nrf24                                                 mediumconst  00FE65
_SPI_read_buff                                              text42       012770
_SPI_write_buff                                             text8        012608
_SYSTEM_Initialize                                          text46       012AA6
_TRISA                                                      (abs)        0004C6
_TRISB                                                      (abs)        0004C7
_TRISBbits                                                  (abs)        0004C7
_TRISC                                                      (abs)        0004C8
_TRISCbits                                                  (abs)        0004C8
_TRISD                                                      (abs)        0004C9
_TRISE                                                      (abs)        0004CA
_TRISF                                                      (abs)        0004CB
_WDTCON0                                                    (abs)        000078
_WDTCON1                                                    (abs)        000079
_WPUA                                                       (abs)        000401
_WPUB                                                       (abs)        000409
_WPUC                                                       (abs)        000411
_WPUD                                                       (abs)        000419
_WPUE                                                       (abs)        000421
_WPUF                                                       (abs)        000429
__HRAM                                                      (abs)        000000
__H__absolute__                                             __absolute__ 000000
__Habs1                                                     abs1         000000
__Hbank10                                                   bank10       000000
__Hbank11                                                   bank11       000000
__Hbank12                                                   bank12       000000
__Hbank13                                                   bank13       000000
__Hbank14                                                   bank14       000000
__Hbank15                                                   bank15       000000
__Hbank16                                                   bank16       000000
__Hbank17                                                   bank17       000000
__Hbank18                                                   bank18       000000
__Hbank19                                                   bank19       000000
__Hbank20                                                   bank20       000000
__Hbank21                                                   bank21       000000
__Hbank22                                                   bank22       000000
__Hbank23                                                   bank23       000000
__Hbank24                                                   bank24       000000
__Hbank25                                                   bank25       000000
__Hbank26                                                   bank26       000000
__Hbank27                                                   bank27       000000
__Hbank28                                                   bank28       000000
__Hbank29                                                   bank29       000000
__Hbank30                                                   bank30       000000
__Hbank31                                                   bank31       000000
__Hbank32                                                   bank32       000000
__Hbank33                                                   bank33       000000
__Hbank34                                                   bank34       000000
__Hbank35                                                   bank35       000000
__Hbank36                                                   bank36       000000
__Hbank5                                                    bank5        000000
__Hbank6                                                    bank6        000000
__Hbank7                                                    bank7        000000
__Hbank8                                                    bank8        000000
__Hbank9                                                    bank9        000000
__Hbigbss                                                   bigbss       000000
__Hbigdata                                                  bigdata      000000
__Hbigram                                                   bigram       000000
__Hbigsfr                                                   bigsfr       000000
__Hbss                                                      bss          000000
__HbssBANK5                                                 bssBANK5     000000
__HbssCOMRAM                                                bssCOMRAM    000000
__Hcinit                                                    cinit        000000
__Hclrtext                                                  clrtext      000000
__Hcomram                                                   comram       000000
__Hconfig                                                   config       30000A
__Hconst                                                    const        000000
__HcstackBANK5                                              cstackBANK5  000000
__HcstackCOMRAM                                             cstackCOMRAM 000000
__Hdata                                                     data         000000
__HdataBANK5                                                dataBANK5    000000
__Heeprom_data                                              eeprom_data  000000
__Hfarbss                                                   farbss       000000
__Hfardata                                                  fardata      000000
__Hheap                                                     heap         000000
__Hibigdata                                                 ibigdata     000000
__Hidata                                                    idata        000000
__HidataBANK5                                               idataBANK5   000000
__Hidloc                                                    idloc        200040
__Hifardata                                                 ifardata     000000
__Hinit                                                     init         020000
__Hintsave_regs                                             intsave_regs 000000
__Hirdata                                                   irdata       000000
__Hmediumconst                                              mediumconst  010000
__HnvBANK5                                                  nvBANK5      000000
__HnvFARRAM                                                 nvFARRAM     000000
__Hnvbit                                                    nvbit        000000
__Hnvrram                                                   nvrram       000000
__Hparam                                                    rparam       000000
__Hpowerup                                                  powerup      000000
__Hram                                                      ram          000000
__Hramtop                                                   ramtop       002600
__Hrbit                                                     rbit         000000
__Hrbss                                                     rbss         000000
__Hrdata                                                    rdata        000000
__Hreset_vec                                                reset_vec    000004
__Hrparam                                                   rparam       000000
__Hsfr                                                      sfr          000000
__Hsmallconst                                               smallconst   000000
__Hspace_0                                                  (abs)        020000
__Hspace_1                                                  (abs)        0005E5
__Hspace_2                                                  (abs)        000000
__Hspace_4                                                  (abs)        60000A
__Hstack                                                    stack        000000
__Hstruct                                                   struct       000000
__Htemp                                                     temp         000000
__Htext                                                     text         000000
__Htext0                                                    text0        000000
__Htext1                                                    text1        000000
__Htext10                                                   text10       000000
__Htext11                                                   text11       000000
__Htext12                                                   text12       000000
__Htext13                                                   text13       000000
__Htext14                                                   text14       000000
__Htext15                                                   text15       000000
__Htext16                                                   text16       000000
__Htext17                                                   text17       000000
__Htext18                                                   text18       000000
__Htext19                                                   text19       000000
__Htext2                                                    text2        000000
__Htext20                                                   text20       000000
__Htext21                                                   text21       000000
__Htext22                                                   text22       000000
__Htext23                                                   text23       000000
__Htext24                                                   text24       000000
__Htext25                                                   text25       000000
__Htext26                                                   text26       000000
__Htext27                                                   text27       000000
__Htext28                                                   text28       000000
__Htext29                                                   text29       000000
__Htext3                                                    text3        000000
__Htext30                                                   text30       000000
__Htext31                                                   text31       000000
__Htext32                                                   text32       000000
__Htext33                                                   text33       000000
__Htext34                                                   text34       000000
__Htext35                                                   text35       000000
__Htext36                                                   text36       000000
__Htext37                                                   text37       000000
__Htext38                                                   text38       000000
__Htext39                                                   text39       000000
__Htext4                                                    text4        000000
__Htext40                                                   text40       000000
__Htext41                                                   text41       000000
__Htext42                                                   text42       000000
__Htext43                                                   text43       000000
__Htext44                                                   text44       000000
__Htext45                                                   text45       000000
__Htext46                                                   text46       000000
__Htext47                                                   text47       000000
__Htext48                                                   text48       000000
__Htext49                                                   text49       000000
__Htext5                                                    text5        000000
__Htext50                                                   text50       000000
__Htext51                                                   text51       000000
__Htext52                                                   text52       000000
__Htext53                                                   text53       000000
__Htext54                                                   text54       000000
__Htext55                                                   text55       000000
__Htext56                                                   text56       000000
__Htext57                                                   text57       000000
__Htext58                                                   text58       000000
__Htext59                                                   text59       000000
__Htext6                                                    text6        000000
__Htext60                                                   text60       000000
__Htext61                                                   text61       000000
__Htext62                                                   text62       000000
__Htext63                                                   text63       000000
__Htext64                                                   text64       000000
__Htext65                                                   text65       000000
__Htext66                                                   text66       000000
__Htext67                                                   text67       000000
__Htext68                                                   text68       000000
__Htext69                                                   text69       000000
__Htext7                                                    text7        000000
__Htext70                                                   text70       000000
__Htext8                                                    text8        000000
__Htext9                                                    text9        000000
__LRAM                                                      (abs)        000001
__L__absolute__                                             __absolute__ 000000
__Labs1                                                     abs1         000000
__Lbank10                                                   bank10       000000
__Lbank11                                                   bank11       000000
__Lbank12                                                   bank12       000000
__Lbank13                                                   bank13       000000
__Lbank14                                                   bank14       000000
__Lbank15                                                   bank15       000000
__Lbank16                                                   bank16       000000
__Lbank17                                                   bank17       000000
__Lbank18                                                   bank18       000000
__Lbank19                                                   bank19       000000
__Lbank20                                                   bank20       000000
__Lbank21                                                   bank21       000000
__Lbank22                                                   bank22       000000
__Lbank23                                                   bank23       000000
__Lbank24                                                   bank24       000000
__Lbank25                                                   bank25       000000
__Lbank26                                                   bank26       000000
__Lbank27                                                   bank27       000000
__Lbank28                                                   bank28       000000
__Lbank29                                                   bank29       000000
__Lbank30                                                   bank30       000000
__Lbank31                                                   bank31       000000
__Lbank32                                                   bank32       000000
__Lbank33                                                   bank33       000000
__Lbank34                                                   bank34       000000
__Lbank35                                                   bank35       000000
__Lbank36                                                   bank36       000000
__Lbank5                                                    bank5        000000
__Lbank6                                                    bank6        000000
__Lbank7                                                    bank7        000000
__Lbank8                                                    bank8        000000
__Lbank9                                                    bank9        000000
__Lbigbss                                                   bigbss       000000
__Lbigdata                                                  bigdata      000000
__Lbigram                                                   bigram       000000
__Lbigsfr                                                   bigsfr       000000
__Lbss                                                      bss          000000
__LbssBANK5                                                 bssBANK5     000000
__LbssCOMRAM                                                bssCOMRAM    000000
__Lcinit                                                    cinit        000000
__Lclrtext                                                  clrtext      000000
__Lcomram                                                   comram       000000
__Lconfig                                                   config       000000
__Lconst                                                    const        000000
__LcstackBANK5                                              cstackBANK5  000000
__LcstackCOMRAM                                             cstackCOMRAM 000000
__Ldata                                                     data         000000
__LdataBANK5                                                dataBANK5    000000
__Leeprom_data                                              eeprom_data  000000
__Lfarbss                                                   farbss       000000
__Lfardata                                                  fardata      000000
__Lheap                                                     heap         000000
__Libigdata                                                 ibigdata     000000
__Lidata                                                    idata        000000
__LidataBANK5                                               idataBANK5   000000
__Lidloc                                                    idloc        000000
__Lifardata                                                 ifardata     000000
__Linit                                                     init         01FFFC
__Lintsave_regs                                             intsave_regs 000000
__Lirdata                                                   irdata       000000
__Lmediumconst                                              mediumconst  00FE64
__LnvBANK5                                                  nvBANK5      000000
__LnvFARRAM                                                 nvFARRAM     000000
__Lnvbit                                                    nvbit        000000
__Lnvrram                                                   nvrram       000000
__Lparam                                                    rparam       000000
__Lpowerup                                                  powerup      000000
__Lram                                                      ram          000000
__Lramtop                                                   ramtop       002600
__Lrbit                                                     rbit         000000
__Lrbss                                                     rbss         000000
__Lrdata                                                    rdata        000000
__Lreset_vec                                                reset_vec    000000
__Lrparam                                                   rparam       000000
__Lsfr                                                      sfr          000000
__Lsmallconst                                               smallconst   000000
__Lspace_0                                                  (abs)        000000
__Lspace_1                                                  (abs)        000000
__Lspace_2                                                  (abs)        000000
__Lspace_4                                                  (abs)        000000
__Lstack                                                    stack        000000
__Lstruct                                                   struct       000000
__Ltemp                                                     temp         000000
__Ltext                                                     text         000000
__Ltext0                                                    text0        000000
__Ltext1                                                    text1        000000
__Ltext10                                                   text10       000000
__Ltext11                                                   text11       000000
__Ltext12                                                   text12       000000
__Ltext13                                                   text13       000000
__Ltext14                                                   text14       000000
__Ltext15                                                   text15       000000
__Ltext16                                                   text16       000000
__Ltext17                                                   text17       000000
__Ltext18                                                   text18       000000
__Ltext19                                                   text19       000000
__Ltext2                                                    text2        000000
__Ltext20                                                   text20       000000
__Ltext21                                                   text21       000000
__Ltext22                                                   text22       000000
__Ltext23                                                   text23       000000
__Ltext24                                                   text24       000000
__Ltext25                                                   text25       000000
__Ltext26                                                   text26       000000
__Ltext27                                                   text27       000000
__Ltext28                                                   text28       000000
__Ltext29                                                   text29       000000
__Ltext3                                                    text3        000000
__Ltext30                                                   text30       000000
__Ltext31                                                   text31       000000
__Ltext32                                                   text32       000000
__Ltext33                                                   text33       000000
__Ltext34                                                   text34       000000
__Ltext35                                                   text35       000000
__Ltext36                                                   text36       000000
__Ltext37                                                   text37       000000
__Ltext38                                                   text38       000000
__Ltext39                                                   text39       000000
__Ltext4                                                    text4        000000
__Ltext40                                                   text40       000000
__Ltext41                                                   text41       000000
__Ltext42                                                   text42       000000
__Ltext43                                                   text43       000000
__Ltext44                                                   text44       000000
__Ltext45                                                   text45       000000
__Ltext46                                                   text46       000000
__Ltext47                                                   text47       000000
__Ltext48                                                   text48       000000
__Ltext49                                                   text49       000000
__Ltext5                                                    text5        000000
__Ltext50                                                   text50       000000
__Ltext51                                                   text51       000000
__Ltext52                                                   text52       000000
__Ltext53                                                   text53       000000
__Ltext54                                                   text54       000000
__Ltext55                                                   text55       000000
__Ltext56                                                   text56       000000
__Ltext57                                                   text57       000000
__Ltext58                                                   text58       000000
__Ltext59                                                   text59       000000
__Ltext6                                                    text6        000000
__Ltext60                                                   text60       000000
__Ltext61                                                   text61       000000
__Ltext62                                                   text62       000000
__Ltext63                                                   text63       000000
__Ltext64                                                   text64       000000
__Ltext65                                                   text65       000000
__Ltext66                                                   text66       000000
__Ltext67                                                   text67       000000
__Ltext68                                                   text68       000000
__Ltext69                                                   text69       000000
__Ltext7                                                    text7        000000
__Ltext70                                                   text70       000000
__Ltext8                                                    text8        000000
__Ltext9                                                    text9        000000
__S0                                                        (abs)        020000
__S1                                                        (abs)        0005E5
__S4                                                        (abs)        000000
__S5                                                        (abs)        000000
___awdiv                                                    text27       011E8C
___awdiv@counter                                            cstackCOMRAM 000505
___awdiv@dividend                                           cstackCOMRAM 000501
___awdiv@divisor                                            cstackCOMRAM 000503
___awdiv@quotient                                           cstackCOMRAM 000507
___awdiv@sign                                               cstackCOMRAM 000506
___awmod                                                    text26       011F4E
___awmod@counter                                            cstackCOMRAM 000505
___awmod@dividend                                           cstackCOMRAM 000501
___awmod@divisor                                            cstackCOMRAM 000503
___awmod@sign                                               cstackCOMRAM 000506
___fladd                                                    text69       010000
___fladd@a                                                  cstackCOMRAM 000545
___fladd@aexp                                               cstackCOMRAM 00054E
___fladd@b                                                  cstackCOMRAM 000541
___fladd@bexp                                               cstackCOMRAM 00054F
___fladd@grs                                                cstackCOMRAM 000550
___fladd@signs                                              cstackCOMRAM 00054D
___fldiv                                                    text68       010C6C
___fldiv@a                                                  cstackCOMRAM 000513
___fldiv@aexp                                               cstackCOMRAM 000527
___fldiv@b                                                  cstackCOMRAM 00050F
___fldiv@bexp                                               cstackCOMRAM 000526
___fldiv@grs                                                cstackCOMRAM 000522
___fldiv@new_exp                                            cstackCOMRAM 000520
___fldiv@rem                                                cstackCOMRAM 00051B
___fldiv@sign                                               cstackCOMRAM 00051F
___flge                                                     text67       011A66
___flge@ff1                                                 cstackCOMRAM 00050F
___flge@ff2                                                 cstackCOMRAM 000513
___flmul                                                    text66       0104B6
___flmul@a                                                  cstackCOMRAM 00052C
___flmul@aexp                                               cstackCOMRAM 000539
___flmul@b                                                  cstackCOMRAM 000528
___flmul@bexp                                               cstackCOMRAM 00053A
___flmul@grs                                                cstackCOMRAM 000535
___flmul@prod                                               cstackCOMRAM 00053B
___flmul@sign                                               cstackCOMRAM 000534
___flmul@temp                                               cstackCOMRAM 00053F
___fltol                                                    text65       01185C
___fltol@exp1                                               cstackCOMRAM 00055A
___fltol@f1                                                 cstackCOMRAM 000551
___fltol@sign1                                              cstackCOMRAM 000559
___heap_hi                                                  (abs)        000000
___heap_lo                                                  (abs)        000000
___inthi_sp                                                 stack        000000
___inthi_stack_hi                                           stack        000000
___inthi_stack_lo                                           stack        000000
___intlo_sp                                                 stack        000000
___intlo_stack_hi                                           stack        000000
___intlo_stack_lo                                           stack        000000
___param_bank                                               (abs)        000000
___rparam_used                                              (abs)        000001
___sp                                                       stack        000000
___stack_hi                                                 stack        000000
___stack_lo                                                 stack        000000
___xxtofl                                                   text64       0113C8
___xxtofl@arg                                               cstackCOMRAM 00050B
___xxtofl@exp                                               cstackCOMRAM 00050A
___xxtofl@sign                                              cstackCOMRAM 000509
___xxtofl@val                                               cstackCOMRAM 000501
__accesstop                                                 (abs)        000560
__activetblptr                                              (abs)        000003
__end_of_CLOCK_Initialize                                   text57       012AE4
__end_of_DELAY_microseconds                                 text9        012564
__end_of_DELAY_milliseconds                                 text45       0128CC
__end_of_INT0_SetInterruptHandler                           text56       012B56
__end_of_INT1_SetInterruptHandler                           text55       012B48
__end_of_INT2_SetInterruptHandler                           text54       012B3A
__end_of_INTERRUPT_Initialize                               text53       0126D0
__end_of_Nrf24_SetSpeedDataRates                            text40       0123E4
__end_of_Nrf24_config                                       text36       012376
__end_of_Nrf24_configRegister                               text43       012A78
__end_of_Nrf24_dataReady                                    text35       0129CA
__end_of_Nrf24_flushRx                                      text39       012B62
__end_of_Nrf24_getCRCLength                                 text31       01244C
__end_of_Nrf24_getData                                      text34       012808
__end_of_Nrf24_getDataRate                                  text30       012608
__end_of_Nrf24_getPALevel                                   text29       012A2C
__end_of_Nrf24_getRetransmitDelay                           text28       012A60
__end_of_Nrf24_getStatus                                    text38       012AA6
__end_of_Nrf24_init                                         text32       012952
__end_of_Nrf24_powerUpRx                                    text37       0129EE
__end_of_Nrf24_printDetails                                 text10       011202
__end_of_Nrf24_print_address_register                       text13       012142
__end_of_Nrf24_print_byte_register                          text12       012512
__end_of_Nrf24_print_status                                 text11       0122FA
__end_of_Nrf24_readRegister                                 text41       01289C
__end_of_Nrf24_setRADDR                                     text6        01227A
__end_of_Nrf24_setRetransmitDelay                           text5        012926
__end_of_Nrf24_writeRegister                                text7        0127D6
__end_of_PIN_MANAGER_Initialize                             text52       0120A0
__end_of_SPI1_ByteExchange                                  text44       01297E
__end_of_SPI1_Initialize                                    text51       012A90
__end_of_SPI1_Open                                          text33       011DCA
__end_of_SPI1_nrf24                                         mediumconst  00FE8F
__end_of_SPI_read_buff                                      text42       0127A4
__end_of_SPI_write_buff                                     text8        01264C
__end_of_SYSTEM_Initialize                                  text46       012ABC
__end_of___awdiv                                            text27       011F4E
__end_of___awmod                                            text26       011FFC
__end_of___fladd                                            text69       0104B6
__end_of___fldiv                                            text68       010FFC
__end_of___flge                                             text67       011B6A
__end_of___flmul                                            text66       0108DC
__end_of___fltol                                            text65       011962
__end_of___xxtofl                                           text64       01157C
__end_of__initialization                                    cinit        012736
__end_of_abs                                                text25       012770
__end_of_dtoa                                               text20       0116F2
__end_of_fputc                                              text23       011D00
__end_of_fputs                                              text22       012690
__end_of_initialize_comms                                   text4        011E8C
__end_of_initialize_racket                                  text3        012AD0
__end_of_lerp_duty                                          text63       0113C8
__end_of_loop                                               text58       01283A
__end_of_main                                               text0        012AF4
__end_of_pad                                                text21       0121E0
__end_of_printf                                             text14       0129A4
__end_of_putch                                              text24       012B72
__end_of_read_prec_or_width                                 text19       011C36
__end_of_rf24_crclength                                     mediumconst  00FEB7
__end_of_servoPWM_Initialize                                text47       0124B4
__end_of_servoPWM_LoadBufferRegisters                       text62       012B70
__end_of_servoPWM_Period_SetInterruptHandler                text50       012B2C
__end_of_servoPWM_SetSlice1Output1DutyCycleRegister         text61       012B6C
__end_of_servoPWM_Slice1Output1_SetInterruptHandler         text49       012B1E
__end_of_servoPWM_Slice1Output2_SetInterruptHandler         text48       012B10
__end_of_set_comms_handler                                  text2        012B02
__end_of_set_racket                                         text70       012A48
__end_of_setup                                              text1        012A0E
__end_of_spi1_configuration                                 mediumconst  00FE99
__end_of_stoa                                               text18       01185C
__end_of_update_racket                                      text59       01286C
__end_of_update_servo                                       text60       0128FA
__end_of_vfpfcnvrt                                          text16       010C6C
__end_of_vfprintf                                           text15       0125B6
__end_of_xtoa                                               text17       011A66
__handler                                                   bssBANK5     000598
__initialization                                            cinit        012708
__mediumconst                                               mediumconst  00FE64
__pbssBANK5                                                 bssBANK5     000598
__pbssCOMRAM                                                bssCOMRAM    00055F
__pcinit                                                    cinit        012708
__pcstackBANK5                                              cstackBANK5  0005D4
__pcstackCOMRAM                                             cstackCOMRAM 000501
__pdataBANK5                                                dataBANK5    000560
__pidataBANK5                                               idataBANK5   0126D0
[...]
__ptext33                                                   text33       011D00
__ptext34                                                   text34       0127D6
__ptext35                                                   text35       0129A4
__ptext36                                                   text36       0122FA
__ptext37                                                   text37       0129CA
__ptext38                                                   text38       012A90
__ptext39                                                   text39       012B56
__ptext4                                                    text4        011DCA
__ptext40                                                   text40       012376
__ptext41                                                   text41       01286C
__ptext42                                                   text42       012770
__ptext43                                                   text43       012A60
__ptext44                                                   text44       012952
__ptext45                                                   text45       01289C
__ptext46                                                   text46       012AA6
__ptext47                                                   text47       01244C
__ptext48                                                   text48       012B02
__ptext49                                                   text49       012B10
__ptext5                                                    text5        0128FA
__ptext50                                                   text50       012B1E
__ptext51                                                   text51       012A78
__ptext52                                                   text52       011FFC
__ptext53                                                   text53       012690
__ptext54                                                   text54       012B2C
__ptext55                                                   text55       012B3A
__ptext56                                                   text56       012B48
__ptext57                                                   text57       012AD0
__ptext58                                                   text58       012808
__ptext59                                                   text59       01283A
__ptext6                                                    text6        0121E0
__ptext60                                                   text60       0128CC
__ptext61                                                   text61       012B62
__ptext62                                                   text62       012B6C
__ptext63                                                   text63       011202
__ptext64                                                   text64       0113C8
__ptext65                                                   text65       01185C
__ptext66                                                   text66       0104B6
__ptext67                                                   text67       011A66
__ptext68                                                   text68       010C6C
__ptext69                                                   text69       010000
__ptext7                                                    text7        0127A4
__ptext70                                                   text70       012A2C
__ptext8                                                    text8        012608
__ptext9                                                    text9        012512
__ramtop                                                    ramtop       002600
__smallconst                                                mediumconst  00FE64
_abs                                                        text25       01273C
_dbuf                                                       bssBANK5     00059F
_dev                                                        bssBANK5     0005BF
_dtoa                                                       text20       01157C
_dtoa$1968                                                  cstackCOMRAM 00051E
_flags                                                      bssCOMRAM    00055F
_fputc                                                      text23       011C36
_fputs                                                      text22       01264C
_initialize_comms                                           text4        011DCA
_initialize_racket                                          text3        012ABC
_lerp_duty                                                  text63       011202
_loop                                                       text58       012808
_main                                                       text0        012AE4
_pad                                                        text21       012142
_prec                                                       bssBANK5     00059D
_printf                                                     text14       01297E
_putch                                                      text24       012B70
_read_prec_or_width                                         text19       011B6A
_rf24_crclength                                             mediumconst  00FE99
_rf24_datarates                                             dataBANK5    000580
_rf24_pa_dbm                                                dataBANK5    000560
_servoPWM_Initialize                                        text47       01244C
_servoPWM_LoadBufferRegisters                               text62       012B6C
_servoPWM_Period_DefaultInterruptHandler                    (abs)        000000
_servoPWM_Period_InterruptHandler                           nvBANK5      0005CB
_servoPWM_Period_SetInterruptHandler                        text50       012B1E
_servoPWM_SetSlice1Output1DutyCycleRegister                 text61       012B62
_servoPWM_Slice1Output1_DefaultInterruptHandler             (abs)        000000
_servoPWM_Slice1Output1_InterruptHandler                    nvBANK5      0005D1
_servoPWM_Slice1Output1_SetInterruptHandler                 text49       012B10
_servoPWM_Slice1Output2_DefaultInterruptHandler             (abs)        000000
_servoPWM_Slice1Output2_InterruptHandler                    nvBANK5      0005CE
_servoPWM_Slice1Output2_SetInterruptHandler                 text48       012B02
_set_comms_handler                                          text2        012AF4
_set_racket                                                 text70       012A2C
_setup                                                      text1        0129EE
_spi1_configuration                                         mediumconst  00FE8F
_stoa                                                       text18       0116F2
_update_racket                                              text59       01283A
_update_servo                                               text60       0128CC
_vfpfcnvrt                                                  text16       0108DC
_vfprintf                                                   text15       012564
_width                                                      bssBANK5     00059B
_xtoa                                                       text17       011962
abs@a                                                       cstackCOMRAM 000507
dtoa@d                                                      cstackCOMRAM 00051C
dtoa@fp                                                     cstackCOMRAM 00051A
dtoa@i                                                      cstackCOMRAM 000524
dtoa@p                                                      cstackCOMRAM 000520
dtoa@s                                                      cstackCOMRAM 000523
dtoa@w                                                      cstackCOMRAM 000521
end_of_initialization                                       cinit        012736
fputc@c                                                     cstackCOMRAM 000501
fputc@fp                                                    cstackCOMRAM 000503
fputs@c                                                     cstackCOMRAM 00050E
fputs@fp                                                    cstackCOMRAM 00050C
fputs@i                                                     cstackCOMRAM 00050F
fputs@s                                                     cstackCOMRAM 00050A
initialize_comms@buf                                        cstackBANK5  0005DB
initialize_comms@ret                                        cstackBANK5  0005E3
intlevel0                                                   text         000000
intlevel1                                                   text         000000
intlevel2                                                   text         000000
intlevel3                                                   text         000000
isa$std                                                     (abs)        000001
isa$xinst                                                   (abs)        000000
lerp_duty@angle                                             cstackCOMRAM 00055B
loop@msg                                                    cstackBANK5  0005E0
loop@test_angle                                             cstackBANK5  0005DC
pad@buf                                                     cstackCOMRAM 000513
pad@fp                                                      cstackCOMRAM 000511
pad@i                                                       cstackCOMRAM 000518
pad@p                                                       cstackCOMRAM 000515
printf@ap                                                   cstackCOMRAM 00054C
printf@fmt                                                  cstackCOMRAM 00053E
read_prec_or_width@ap                                       cstackCOMRAM 000503
read_prec_or_width@c                                        cstackCOMRAM 000507
read_prec_or_width@fmt                                      cstackCOMRAM 000501
read_prec_or_width@n                                        cstackCOMRAM 000508
servoPWM_Period_SetInterruptHandler@InterruptHandler        cstackCOMRAM 000501
servoPWM_SetSlice1Output1DutyCycleRegister@registerValue    cstackCOMRAM 000501
servoPWM_Slice1Output1_SetInterruptHandler@InterruptHandler cstackCOMRAM 000501
servoPWM_Slice1Output2_SetInterruptHandler@InterruptHandler cstackCOMRAM 000501
set_comms_handler@handler                                   cstackCOMRAM 000501
set_racket@fire                                             cstackCOMRAM 000501
stackhi                                                     (abs)        000000
stacklo                                                     (abs)        000000
start                                                       init         01FFFC
start_initialization                                        cinit        012708
stoa@cp                                                     cstackCOMRAM 000514
stoa@fp                                                     cstackCOMRAM 00050A
stoa@l                                                      cstackCOMRAM 000516
stoa@p                                                      cstackCOMRAM 000510
stoa@s                                                      cstackCOMRAM 00050C
stoa@w                                                      cstackCOMRAM 000512
update_racket@msg                                           cstackBANK5  0005DA
update_servo@angle                                          cstackBANK5  0005D4
update_servo@duty                                           cstackBANK5  0005D8
vfpfcnvrt@ap                                                cstackCOMRAM 00052B
vfpfcnvrt@convarg                                           cstackCOMRAM 00052F
vfpfcnvrt@cp                                                cstackCOMRAM 000534
vfpfcnvrt@done                                              cstackCOMRAM 000533
vfpfcnvrt@fmt                                               cstackCOMRAM 000529
vfpfcnvrt@fp                                                cstackCOMRAM 000527
vfprintf@ap                                                 cstackCOMRAM 00053A
vfprintf@cfmt                                               cstackCOMRAM 00053C
vfprintf@fmt                                                cstackCOMRAM 000538
vfprintf@fp                                                 cstackCOMRAM 000536
xtoa@c                                                      cstackCOMRAM 000524
xtoa@d                                                      cstackCOMRAM 00051C
xtoa@fp                                                     cstackCOMRAM 00051A
xtoa@i                                                      cstackCOMRAM 000525
xtoa@p                                                      cstackCOMRAM 000521
xtoa@w                                                      cstackCOMRAM 000522


MODULE INFORMATION

Module		Function		Class		Link	Load	Size
C:\Program Files\Microchip\xc8\v3.00\pic\sources\c99\common\flge.c
		___flge        		CODE           	11A66	0000	260

C:\Program Files\Microchip\xc8\v3.00\pic\sources\c99\common\flge.c estimated size: 260

C:\Program Files\Microchip\xc8\v3.00\pic\sources\c99\common\abs.c
		_abs           		CODE           	1273C	0000	52

C:\Program Files\Microchip\xc8\v3.00\pic\sources\c99\common\abs.c estimated size: 52

C:\Program Files\Microchip\xc8\v3.00\pic\sources\c99\common\nf_fputc.c
		_fputc         		CODE           	11C36	0000	202

C:\Program Files\Microchip\xc8\v3.00\pic\sources\c99\common\nf_fputc.c estimated size: 202

mcc_generated_files/system/src/interrupt.c
		_INT0_SetInterruptHandler		CODE           	12B48	0000	14
		_INT1_SetInterruptHandler		CODE           	12B3A	0000	14
		_INT2_SetInterruptHandler		CODE           	12B2C	0000	14
		_INTERRUPT_Initialize		CODE           	12690	0000	64

mcc_generated_files/system/src/interrupt.c estimated size: 106

mcc_generated_files/pwm/src/pwm1_16bit.c
		_servoPWM_Period_SetInterruptHandler		CODE           	12B1E	0000	14
		_servoPWM_Initialize		CODE           	1244C	0000	104
		_servoPWM_SetSlice1Output1DutyCycleRegister		CODE           	12B62	0000	10
		_servoPWM_Slice1Output2_SetInterruptHandler		CODE           	12B02	0000	14
		_servoPWM_LoadBufferRegisters		CODE           	12B6C	0000	4
		_servoPWM_Slice1Output1_SetInterruptHandler		CODE           	12B10	0000	14

mcc_generated_files/pwm/src/pwm1_16bit.c estimated size: 160

C:\Program Files\Microchip\xc8\v3.00\pic\sources\c99\common\printf.c
		_printf        		CODE           	1297E	0000	38

C:\Program Files\Microchip\xc8\v3.00\pic\sources\c99\common\printf.c estimated size: 38

C:\Program Files\Microchip\xc8\v3.00\pic\sources\c99\common\awmod.c
		___awmod       		CODE           	11F4E	0000	174

C:\Program Files\Microchip\xc8\v3.00\pic\sources\c99\common\awmod.c estimated size: 174

C:\Program Files\Microchip\xc8\v3.00\pic\sources\c99\common\putch.c
		_putch         		CODE           	12B70	0000	2

C:\Program Files\Microchip\xc8\v3.00\pic\sources\c99\common\putch.c estimated size: 2

C:\Program Files\Microchip\xc8\v3.00\pic\sources\c99\common\sprcmul.c
		___flmul       		CODE           	104B6	0000	1062

C:\Program Files\Microchip\xc8\v3.00\pic\sources\c99\common\sprcmul.c estimated size: 1062

racket.c
		_initialize_racket		CODE           	12ABC	0000	20
		_lerp_duty     		CODE           	11202	0000	454
		_update_servo  		CODE           	128CC	0000	46
		_update_racket 		CODE           	1283A	0000	50
		_set_racket    		CODE           	12A2C	0000	28

racket.c estimated size: 598

mcc_generated_files/system/src/pins.c
		_PIN_MANAGER_Initialize		CODE           	11FFC	0000	164

mcc_generated_files/system/src/pins.c estimated size: 164

mcc_generated_files/timer/src/delay.c
		_DELAY_milliseconds		CODE           	1289C	0000	48
		_DELAY_microseconds		CODE           	12512	0000	82

mcc_generated_files/timer/src/delay.c estimated size: 130

C:\Program Files\Microchip\xc8\v3.00\pic\sources\c99\common\sprcdiv.c
		___fldiv       		CODE           	10C6C	0000	912

C:\Program Files\Microchip\xc8\v3.00\pic\sources\c99\common\sprcdiv.c estimated size: 912

shared
		_rf24_crclength		MEDIUMCONST    	FE99	0000	30
		__initialization		CODE           	12708	0000	46
		_SPI1_nrf24    		MEDIUMCONST    	FE65	0000	42
		_spi1_configuration		MEDIUMCONST    	FE8F	0000	10

shared estimated size: 128

mirf.c
		_Nrf24_writeRegister		CODE           	127A4	0000	50
		_Nrf24_dataReady		CODE           	129A4	0000	38
		_Nrf24_getCRCLength		CODE           	123E4	0000	104
		_Nrf24_getStatus		CODE           	12A90	0000	22
		_SPI_write_buff		CODE           	12608	0000	68
		_SPI_read_buff 		CODE           	12770	0000	52
		_Nrf24_getRetransmitDelay		CODE           	12A48	0000	24
		_Nrf24_powerUpRx		CODE           	129CA	0000	36
		_Nrf24_printDetails		CODE           	10FFC	0000	518
		_Nrf24_setRetransmitDelay		CODE           	128FA	0000	44
		_Nrf24_print_status		CODE           	1227A	0000	128
		_Nrf24_getPALevel		CODE           	12A0E	0000	30
		_Nrf24_getData 		CODE           	127D6	0000	50
		_Nrf24_getDataRate		CODE           	125B6	0000	82
		_Nrf24_configRegister		CODE           	12A60	0000	24
		_Nrf24_SetSpeedDataRates		CODE           	12376	0000	110
		_Nrf24_print_address_register		CODE           	120A0	0000	162
		_Nrf24_readRegister		CODE           	1286C	0000	48
		_Nrf24_config  		CODE           	122FA	0000	124
		_Nrf24_init    		CODE           	12926	0000	44
		_Nrf24_print_byte_register		CODE           	124B4	0000	94
		_Nrf24_flushRx 		CODE           	12B56	0000	12
		_Nrf24_setRADDR		CODE           	121E0	0000	154

mirf.c estimated size: 2018

C:\Program Files\Microchip\xc8\v3.00\pic\sources\c99\common\xxtofl.c
		___xxtofl      		CODE           	113C8	0000	436

C:\Program Files\Microchip\xc8\v3.00\pic\sources\c99\common\xxtofl.c estimated size: 436

C:\Program Files\Microchip\xc8\v3.00\pic\sources\c99\common\nf_fputs.c
		_fputs         		CODE           	1264C	0000	68

C:\Program Files\Microchip\xc8\v3.00\pic\sources\c99\common\nf_fputs.c estimated size: 68

comms.c
		_set_comms_handler		CODE           	12AF4	0000	14
		_initialize_comms		CODE           	11DCA	0000	194

comms.c estimated size: 208

mcc_generated_files/system/src/clock.c
		_CLOCK_Initialize		CODE           	12AD0	0000	20

mcc_generated_files/system/src/clock.c estimated size: 20

C:\Program Files\Microchip\xc8\v3.00\pic\sources\c99\common\awdiv.c
		___awdiv       		CODE           	11E8C	0000	194

C:\Program Files\Microchip\xc8\v3.00\pic\sources\c99\common\awdiv.c estimated size: 194

C:\Program Files\Microchip\xc8\v3.00\pic\sources\c99\common\fltol.c
		___fltol       		CODE           	1185C	0000	262

C:\Program Files\Microchip\xc8\v3.00\pic\sources\c99\common\fltol.c estimated size: 262

main.c
		_loop          		CODE           	12808	0000	50
		_main          		CODE           	12AE4	0000	16
		_setup         		CODE           	129EE	0000	32

main.c estimated size: 98

C:\Program Files\Microchip\xc8\v3.00\pic\sources\c99\common\doprnt.c
		_read_prec_or_width		CODE           	11B6A	0000	204
		_vfpfcnvrt     		CODE           	108DC	0000	912
		_pad           		CODE           	12142	0000	158
		_dtoa          		CODE           	1157C	0000	374
		_vfprintf      		CODE           	12564	0000	82
		_stoa          		CODE           	116F2	0000	362
		_xtoa          		CODE           	11962	0000	260

C:\Program Files\Microchip\xc8\v3.00\pic\sources\c99\common\doprnt.c estimated size: 2352

C:\Program Files\Microchip\xc8\v3.00\pic\sources\c99\common\sprcadd.c
		___fladd       		CODE           	10000	0000	1206

C:\Program Files\Microchip\xc8\v3.00\pic\sources\c99\common\sprcadd.c estimated size: 1206

mcc_generated_files/system/src/system.c
		_SYSTEM_Initialize		CODE           	12AA6	0000	22

mcc_generated_files/system/src/system.c estimated size: 22

mcc_generated_files/spi/src/spi1.c
		_SPI1_ByteExchange		CODE           	12952	0000	44
		_SPI1_Open     		CODE           	11D00	0000	202
		_SPI1_Initialize		CODE           	12A78	0000	24

mcc_generated_files/spi/src/spi1.c estimated size: 270

